Component: Arm Compiler for Embedded 6.18 Tool: armlink [5e4cc100]

==============================================================================

Section Cross References

    main.o(.text.main) refers to main.o(.rodata.str1.1) for .L.str
    main.o(.text.main) refers to printf.o(.text) for printf
    main.o(.text.main) refers to scanf.o(.text) for scanf
    main.o(.text.main) refers to daddsub_clz.o(x$fpl$dadd) for __aeabi_dadd
    main.o(.text.main) refers to daddsub_clz.o(x$fpl$dsub) for __aeabi_dsub
    main.o(.text.main) refers to dmul.o(x$fpl$dmul) for __aeabi_dmul
    main.o(.text.main) refers to ddiv.o(x$fpl$ddiv) for __aeabi_ddiv
    main.o(.ARM.exidx.text.main) refers to main.o(.text.main) for [Anonymous Symbol]
    startup_stm32f407xx.o(STACK) refers (Special) to heapauxi.o(.text) for __use_two_region_memory
    startup_stm32f407xx.o(HEAP) refers (Special) to heapauxi.o(.text) for __use_two_region_memory
    startup_stm32f407xx.o(RESET) refers (Special) to heapauxi.o(.text) for __use_two_region_memory
    startup_stm32f407xx.o(RESET) refers to startup_stm32f407xx.o(STACK) for __initial_sp
    startup_stm32f407xx.o(RESET) refers to startup_stm32f407xx.o(.text) for Reset_Handler
    startup_stm32f407xx.o(.text) refers (Special) to heapauxi.o(.text) for __use_two_region_memory
    startup_stm32f407xx.o(.text) refers to system_stm32f4xx.o(.text.SystemInit) for SystemInit
    startup_stm32f407xx.o(.text) refers to __main.o(!!!main) for __main
    startup_stm32f407xx.o(.text) refers to startup_stm32f407xx.o(HEAP) for Heap_Mem
    startup_stm32f407xx.o(.text) refers to startup_stm32f407xx.o(STACK) for Stack_Mem
    system_stm32f4xx.o(.ARM.exidx.text.SystemInit) refers to system_stm32f4xx.o(.text.SystemInit) for [Anonymous Symbol]
    system_stm32f4xx.o(.text.SystemCoreClockUpdate) refers to system_stm32f4xx.o(.data.SystemCoreClock) for SystemCoreClock
    system_stm32f4xx.o(.text.SystemCoreClockUpdate) refers to system_stm32f4xx.o(.rodata.AHBPrescTable) for AHBPrescTable
    system_stm32f4xx.o(.ARM.exidx.text.SystemCoreClockUpdate) refers to system_stm32f4xx.o(.text.SystemCoreClockUpdate) for [Anonymous Symbol]
    printf.o(.text) refers (Special) to _printf_a.o(.ARM.Collect$$_printf_percent$$00000006) for _printf_a
    printf.o(.text) refers (Special) to _printf_c.o(.ARM.Collect$$_printf_percent$$00000013) for _printf_c
    printf.o(.text) refers (Special) to _printf_charcount.o(.text) for _printf_charcount
    printf.o(.text) refers (Special) to _printf_d.o(.ARM.Collect$$_printf_percent$$00000009) for _printf_d
    printf.o(.text) refers (Special) to _printf_e.o(.ARM.Collect$$_printf_percent$$00000004) for _printf_e
    printf.o(.text) refers (Special) to _printf_f.o(.ARM.Collect$$_printf_percent$$00000003) for _printf_f
    printf.o(.text) refers (Special) to printf1.o(x$fpl$printf1) for _printf_fp_dec
    printf.o(.text) refers (Special) to printf2.o(x$fpl$printf2) for _printf_fp_hex
    printf.o(.text) refers (Special) to _printf_g.o(.ARM.Collect$$_printf_percent$$00000005) for _printf_g
    printf.o(.text) refers (Special) to _printf_i.o(.ARM.Collect$$_printf_percent$$00000008) for _printf_i
    printf.o(.text) refers (Special) to _printf_dec.o(.text) for _printf_int_dec
    printf.o(.text) refers (Special) to _printf_l.o(.ARM.Collect$$_printf_percent$$00000012) for _printf_l
    printf.o(.text) refers (Special) to _printf_lc.o(.ARM.Collect$$_printf_percent$$00000015) for _printf_lc
    printf.o(.text) refers (Special) to _printf_ll.o(.ARM.Collect$$_printf_percent$$00000007) for _printf_ll
    printf.o(.text) refers (Special) to _printf_lld.o(.ARM.Collect$$_printf_percent$$0000000E) for _printf_lld
    printf.o(.text) refers (Special) to _printf_lli.o(.ARM.Collect$$_printf_percent$$0000000D) for _printf_lli
    printf.o(.text) refers (Special) to _printf_llo.o(.ARM.Collect$$_printf_percent$$00000010) for _printf_llo
    printf.o(.text) refers (Special) to _printf_llu.o(.ARM.Collect$$_printf_percent$$0000000F) for _printf_llu
    printf.o(.text) refers (Special) to _printf_llx.o(.ARM.Collect$$_printf_percent$$00000011) for _printf_llx
    printf.o(.text) refers (Special) to _printf_longlong_dec.o(.text) for _printf_longlong_dec
    printf.o(.text) refers (Special) to _printf_hex_int_ll_ptr.o(.text) for _printf_longlong_hex
    printf.o(.text) refers (Special) to _printf_oct_int_ll.o(.text) for _printf_longlong_oct
    printf.o(.text) refers (Special) to _printf_ls.o(.ARM.Collect$$_printf_percent$$00000016) for _printf_ls
    printf.o(.text) refers (Special) to _printf_n.o(.ARM.Collect$$_printf_percent$$00000001) for _printf_n
    printf.o(.text) refers (Special) to _printf_o.o(.ARM.Collect$$_printf_percent$$0000000B) for _printf_o
    printf.o(.text) refers (Special) to _printf_p.o(.ARM.Collect$$_printf_percent$$00000002) for _printf_p
    printf.o(.text) refers (Special) to _printf_percent.o(.ARM.Collect$$_printf_percent$$00000000) for _printf_percent
[...]
    x$fpl$dsub                               0x08004b34   Section      476  daddsub_clz.o(x$fpl$dsub)
    _dsub1                                   0x08004b45   Thumb Code     0  daddsub_clz.o(x$fpl$dsub)
    $v0                                      0x08004d10   Number         0  fpinit.o(x$fpl$fpinit)
    x$fpl$fpinit                             0x08004d10   Section       26  fpinit.o(x$fpl$fpinit)
    $v0                                      0x08004d2a   Number         0  fretinf.o(x$fpl$fretinf)
    x$fpl$fretinf                            0x08004d2a   Section       10  fretinf.o(x$fpl$fretinf)
    $v0                                      0x08004d34   Number         0  istatus.o(x$fpl$ieeestatus)
    x$fpl$ieeestatus                         0x08004d34   Section        6  istatus.o(x$fpl$ieeestatus)
    $v0                                      0x08004d3a   Number         0  printf1.o(x$fpl$printf1)
    x$fpl$printf1                            0x08004d3a   Section        4  printf1.o(x$fpl$printf1)
    $v0                                      0x08004d3e   Number         0  printf2.o(x$fpl$printf2)
    x$fpl$printf2                            0x08004d3e   Section        4  printf2.o(x$fpl$printf2)
    $v0                                      0x08004d42   Number         0  retnan.o(x$fpl$retnan)
    x$fpl$retnan                             0x08004d42   Section      100  retnan.o(x$fpl$retnan)
    $v0                                      0x08004da6   Number         0  scalbn.o(x$fpl$scalbn)
    x$fpl$scalbn                             0x08004da6   Section       92  scalbn.o(x$fpl$scalbn)
    $v0                                      0x08004e02   Number         0  scanf1.o(x$fpl$scanf1)
    x$fpl$scanf1                             0x08004e02   Section        4  scanf1.o(x$fpl$scanf1)
    $v0                                      0x08004e06   Number         0  scanf2.o(x$fpl$scanf2)
    x$fpl$scanf2                             0x08004e06   Section        8  scanf2.o(x$fpl$scanf2)
    $v0                                      0x08004e0e   Number         0  trapv.o(x$fpl$trapveneer)
    x$fpl$trapveneer                         0x08004e0e   Section       48  trapv.o(x$fpl$trapveneer)
    x$fpl$usenofp                            0x08004e3e   Section        0  usenofp.o(x$fpl$usenofp)
    initial_mbstate                          0x08004e40   Data           8  _printf_wctomb.o(.constdata)
    .constdata                               0x08004e40   Section        8  _printf_wctomb.o(.constdata)
    uc_hextab                                0x08004e48   Data          20  _printf_hex_int_ll_ptr.o(.constdata)
    .constdata                               0x08004e48   Section       40  _printf_hex_int_ll_ptr.o(.constdata)
    lc_hextab                                0x08004e5c   Data          20  _printf_hex_int_ll_ptr.o(.constdata)
    maptable                                 0x08004e70   Data          17  __printf_flags_ss_wp.o(.constdata)
    .constdata                               0x08004e70   Section       17  __printf_flags_ss_wp.o(.constdata)
    lc_hextab                                0x08004e81   Data          19  _printf_fp_hex.o(.constdata)
    .constdata                               0x08004e81   Section       38  _printf_fp_hex.o(.constdata)
    uc_hextab                                0x08004e94   Data          19  _printf_fp_hex.o(.constdata)
    .constdata                               0x08004ea7   Section        4  sys_io_names.o(.constdata)
    .constdata                               0x08004eab   Section        4  sys_io_names.o(.constdata)
    .constdata                               0x08004eaf   Section        4  sys_io_names.o(.constdata)
    tenpwrs_x                                0x08004eb4   Data          60  bigflt0.o(.constdata)
    .constdata                               0x08004eb4   Section      148  bigflt0.o(.constdata)
    tenpwrs_i                                0x08004ef0   Data          64  bigflt0.o(.constdata)
    .L.str                                   0x08004f48   Data          16  main.o(.rodata.str1.1)
    [Anonymous Symbol]                       0x08004f48   Section        0  main.o(.rodata.str1.1)
    .L.str.2                                 0x08004f58   Data          16  main.o(.rodata.str1.1)
    .L.str.3                                 0x08004f68   Data          17  main.o(.rodata.str1.1)
    .L.str.6                                 0x08004f79   Data          25  main.o(.rodata.str1.1)
    .L.str.4                                 0x08004f92   Data           4  main.o(.rodata.str1.1)
    .L.str.5                                 0x08004f96   Data          12  main.o(.rodata.str1.1)
    .L.str.1                                 0x08004f9e   Data           4  main.o(.rodata.str1.1)
    c$$dinf                                  0x08004fc4   Section        8  fpconst.o(c$$dinf)
    c$$dmax                                  0x08004fcc   Section        8  fpconst.o(c$$dmax)
    locale$$data                             0x08004fd4   Section       28  lc_numeric_c.o(locale$$data)
    __lcnum_c_name                           0x08004fd8   Data           2  lc_numeric_c.o(locale$$data)
    __lcnum_c_start                          0x08004fe0   Data           0  lc_numeric_c.o(locale$$data)
    __lcnum_c_point                          0x08004fec   Data           0  lc_numeric_c.o(locale$$data)
    __lcnum_c_thousands                      0x08004fee   Data           0  lc_numeric_c.o(locale$$data)
    __lcnum_c_grouping                       0x08004fef   Data           0  lc_numeric_c.o(locale$$data)
    __lcnum_c_end                            0x08004ff0   Data           0  lc_numeric_c.o(locale$$data)
    locale$$data                             0x08004ff0   Section      272  lc_ctype_c.o(locale$$data)
    __lcctype_c_name                         0x08004ff4   Data           2  lc_ctype_c.o(locale$$data)
    __lcctype_c_start                        0x08004ffc   Data           0  lc_ctype_c.o(locale$$data)
    __lcctype_c_end                          0x08005100   Data           0  lc_ctype_c.o(locale$$data)
    .data                                    0x20000000   Section        4  stdio_streams.o(.data)
    .data                                    0x20000004   Section        4  stdio_streams.o(.data)
    .data                                    0x20000008   Section        4  stdio_streams.o(.data)
    .bss                                     0x20000010   Section       84  stdio_streams.o(.bss)
    .bss                                     0x20000064   Section       84  stdio_streams.o(.bss)
    .bss                                     0x200000b8   Section       84  stdio_streams.o(.bss)
    .bss                                     0x2000010c   Section       96  libspace.o(.bss)
    Heap_Mem                                 0x20000170   Data         512  startup_stm32f407xx.o(HEAP)
    HEAP                                     0x20000170   Section      512  startup_stm32f407xx.o(HEAP)
    Stack_Mem                                0x20000370   Data        1024  startup_stm32f407xx.o(STACK)
    STACK                                    0x20000370   Section     1024  startup_stm32f407xx.o(STACK)
    __initial_sp                             0x20000770   Data           0  startup_stm32f407xx.o(STACK)

    Global Symbols

    Symbol Name                              Value     Ov Type        Size  Object(Section)

    BuildAttributes$$THM_ISAv4$E$P$D$K$B$S$7EM$VFPi3$EXTD16$VFPS$VFMA$PE$A:L22UL41UL21$X:L11$S22US41US21$IEEE1$IW$~IW$USESV6$~STKCKD$USESV7$~SHL$OTIME$ROPI$IEEEX$EBA8$UX$STANDARDLIB$REQ8$PRES8$EABIv2 0x00000000   Number         0  anon$$obj.o ABSOLUTE
    _printf_flags                            0x00000000   Number         0  printf_stubs.o ABSOLUTE
    _printf_return_value                     0x00000000   Number         0  printf_stubs.o ABSOLUTE
    _printf_sizespec                         0x00000000   Number         0  printf_stubs.o ABSOLUTE
    _printf_widthprec                        0x00000000   Number         0  printf_stubs.o ABSOLUTE
    __ARM_exceptions_init                     - Undefined Weak Reference
    __alloca_initialize                       - Undefined Weak Reference
    __arm_preinit_                            - Undefined Weak Reference
    __arm_relocate_pie_                       - Undefined Weak Reference
    __cpp_initialize__aeabi_                  - Undefined Weak Reference
    __cxa_finalize                            - Undefined Weak Reference
    __sigvec_lookup                           - Undefined Weak Reference
    __user_heap_extent                        - Undefined Weak Reference
    _atexit_init                              - Undefined Weak Reference
    _call_atexit_fns                          - Undefined Weak Reference
    _clock_init                               - Undefined Weak Reference
    _fp_trap_init                             - Undefined Weak Reference
    _fp_trap_shutdown                         - Undefined Weak Reference
    _get_lc_collate                           - Undefined Weak Reference
    _get_lc_monetary                          - Undefined Weak Reference
    _get_lc_time                              - Undefined Weak Reference
    _getenv_init                              - Undefined Weak Reference
    _handle_redirection                       - Undefined Weak Reference
    _mutex_acquire                            - Undefined Weak Reference
    _mutex_free                               - Undefined Weak Reference
    _mutex_release                            - Undefined Weak Reference
    _printf_mbtowc                            - Undefined Weak Reference
    _printf_wc                                - Undefined Weak Reference
    _rand_init                                - Undefined Weak Reference
    _signal_finish                            - Undefined Weak Reference
    _signal_init                              - Undefined Weak Reference
    __Vectors_Size                           0x00000188   Number         0  startup_stm32f407xx.o ABSOLUTE
    __Vectors                                0x08000000   Data           4  startup_stm32f407xx.o(RESET)
    __Vectors_End                            0x08000188   Data           0  startup_stm32f407xx.o(RESET)
    __main                                   0x08000189   Thumb Code     8  __main.o(!!!main)
    __scatterload                            0x08000191   Thumb Code     0  __scatter.o(!!!scatter)
    __scatterload_rt2                        0x08000191   Thumb Code    44  __scatter.o(!!!scatter)
    __scatterload_rt2_thumb_only             0x08000191   Thumb Code     0  __scatter.o(!!!scatter)
    __scatterload_null                       0x0800019f   Thumb Code     0  __scatter.o(!!!scatter)
    __scatterload_copy                       0x080001c5   Thumb Code    26  __scatter_copy.o(!!handler_copy)
    __scatterload_zeroinit                   0x080001e1   Thumb Code    28  __scatter_zi.o(!!handler_zi)
    _printf_n                                0x080001fd   Thumb Code     0  _printf_n.o(.ARM.Collect$$_printf_percent$$00000001)
    _printf_percent                          0x080001fd   Thumb Code     0  _printf_percent.o(.ARM.Collect$$_printf_percent$$00000000)
    _printf_p                                0x08000203   Thumb Code     0  _printf_p.o(.ARM.Collect$$_printf_percent$$00000002)
    _printf_f                                0x08000209   Thumb Code     0  _printf_f.o(.ARM.Collect$$_printf_percent$$00000003)
    _printf_e                                0x0800020f   Thumb Code     0  _printf_e.o(.ARM.Collect$$_printf_percent$$00000004)
    _printf_g                                0x08000215   Thumb Code     0  _printf_g.o(.ARM.Collect$$_printf_percent$$00000005)
    _printf_a                                0x0800021b   Thumb Code     0  _printf_a.o(.ARM.Collect$$_printf_percent$$00000006)
    _printf_ll                               0x08000221   Thumb Code     0  _printf_ll.o(.ARM.Collect$$_printf_percent$$00000007)
    _printf_i                                0x0800022b   Thumb Code     0  _printf_i.o(.ARM.Collect$$_printf_percent$$00000008)
    _printf_d                                0x08000231   Thumb Code     0  _printf_d.o(.ARM.Collect$$_printf_percent$$00000009)
    _printf_u                                0x08000237   Thumb Code     0  _printf_u.o(.ARM.Collect$$_printf_percent$$0000000A)
    _printf_o                                0x0800023d   Thumb Code     0  _printf_o.o(.ARM.Collect$$_printf_percent$$0000000B)
    _printf_x                                0x08000243   Thumb Code     0  _printf_x.o(.ARM.Collect$$_printf_percent$$0000000C)
    _printf_lli                              0x08000249   Thumb Code     0  _printf_lli.o(.ARM.Collect$$_printf_percent$$0000000D)
    _printf_lld                              0x0800024f   Thumb Code     0  _printf_lld.o(.ARM.Collect$$_printf_percent$$0000000E)
    _printf_llu                              0x08000255   Thumb Code     0  _printf_llu.o(.ARM.Collect$$_printf_percent$$0000000F)
    _printf_llo                              0x0800025b   Thumb Code     0  _printf_llo.o(.ARM.Collect$$_printf_percent$$00000010)
    _printf_llx                              0x08000261   Thumb Code     0  _printf_llx.o(.ARM.Collect$$_printf_percent$$00000011)
    _printf_l                                0x08000267   Thumb Code     0  _printf_l.o(.ARM.Collect$$_printf_percent$$00000012)
    _printf_c                                0x08000271   Thumb Code     0  _printf_c.o(.ARM.Collect$$_printf_percent$$00000013)
    _printf_s                                0x08000277   Thumb Code     0  _printf_s.o(.ARM.Collect$$_printf_percent$$00000014)
    _printf_lc                               0x0800027d   Thumb Code     0  _printf_lc.o(.ARM.Collect$$_printf_percent$$00000015)
    _printf_ls                               0x08000283   Thumb Code     0  _printf_ls.o(.ARM.Collect$$_printf_percent$$00000016)
    _printf_percent_end                      0x08000289   Thumb Code     0  _printf_percent_end.o(.ARM.Collect$$_printf_percent$$00000017)
    __rt_lib_init                            0x0800028d   Thumb Code     0  libinit.o(.ARM.Collect$$libinit$$00000000)
    __rt_lib_init_fp_1                       0x0800028f   Thumb Code     0  libinit2.o(.ARM.Collect$$libinit$$00000001)
    __rt_lib_init_heap_2                     0x08000293   Thumb Code     0  libinit2.o(.ARM.Collect$$libinit$$00000007)
    __rt_lib_init_preinit_1                  0x08000293   Thumb Code     0  libinit2.o(.ARM.Collect$$libinit$$00000006)
    __rt_lib_init_relocate_pie_1             0x08000293   Thumb Code     0  libinit2.o(.ARM.Collect$$libinit$$00000004)
    __rt_lib_init_heap_1                     0x0800029b   Thumb Code     0  libinit2.o(.ARM.Collect$$libinit$$0000000C)
    __rt_lib_init_lc_common                  0x0800029b   Thumb Code     0  libinit2.o(.ARM.Collect$$libinit$$00000011)
    __rt_lib_init_rand_1                     0x0800029b   Thumb Code     0  libinit2.o(.ARM.Collect$$libinit$$00000010)
    __rt_lib_init_user_alloc_1               0x0800029b   Thumb Code     0  libinit2.o(.ARM.Collect$$libinit$$0000000E)
    __rt_lib_init_lc_collate_1               0x080002a1   Thumb Code     0  libinit2.o(.ARM.Collect$$libinit$$00000013)
    __rt_lib_init_lc_ctype_2                 0x080002a1   Thumb Code     0  libinit2.o(.ARM.Collect$$libinit$$00000014)
    __rt_lib_init_lc_ctype_1                 0x080002ad   Thumb Code     0  libinit2.o(.ARM.Collect$$libinit$$00000015)
    __rt_lib_init_lc_monetary_1              0x080002ad   Thumb Code     0  libinit2.o(.ARM.Collect$$libinit$$00000017)
    __rt_lib_init_lc_numeric_2               0x080002ad   Thumb Code     0  libinit2.o(.ARM.Collect$$libinit$$00000018)
    __rt_lib_init_atexit_1                   0x080002b7   Thumb Code     0  libinit2.o(.ARM.Collect$$libinit$$0000001D)
    __rt_lib_init_clock_1                    0x080002b7   Thumb Code     0  libinit2.o(.ARM.Collect$$libinit$$00000023)
    __rt_lib_init_fp_trap_1                  0x080002b7   Thumb Code     0  libinit2.o(.ARM.Collect$$libinit$$00000021)
    __rt_lib_init_getenv_1                   0x080002b7   Thumb Code     0  libinit2.o(.ARM.Collect$$libinit$$00000025)
    __rt_lib_init_lc_numeric_1               0x080002b7   Thumb Code     0  libinit2.o(.ARM.Collect$$libinit$$00000019)
    __rt_lib_init_lc_time_1                  0x080002b7   Thumb Code     0  libinit2.o(.ARM.Collect$$libinit$$0000001B)
    __rt_lib_init_signal_1                   0x080002b7   Thumb Code     0  libinit2.o(.ARM.Collect$$libinit$$0000001F)
    __rt_lib_init_stdio_2                    0x080002b7   Thumb Code     0  libinit2.o(.ARM.Collect$$libinit$$00000026)
    __rt_lib_init_alloca_1                   0x080002bb   Thumb Code     0  libinit2.o(.ARM.Collect$$libinit$$00000030)
    __rt_lib_init_argv_1                     0x080002bb   Thumb Code     0  libinit2.o(.ARM.Collect$$libinit$$0000002E)
    __rt_lib_init_cpp_1                      0x080002bb   Thumb Code     0  libinit2.o(.ARM.Collect$$libinit$$00000034)
    __rt_lib_init_exceptions_1               0x080002bb   Thumb Code     0  libinit2.o(.ARM.Collect$$libinit$$00000032)
    __rt_lib_init_return                     0x080002bb   Thumb Code     0  libinit2.o(.ARM.Collect$$libinit$$00000035)
    __rt_lib_init_stdio_1                    0x080002bb   Thumb Code     0  libinit2.o(.ARM.Collect$$libinit$$00000027)
    __rt_lib_shutdown                        0x080002bd   Thumb Code     0  libshutdown.o(.ARM.Collect$$libshutdown$$00000000)
    __rt_lib_shutdown_cpp_1                  0x080002bf   Thumb Code     0  libshutdown2.o(.ARM.Collect$$libshutdown$$00000002)
    __rt_lib_shutdown_stdio_2                0x080002bf   Thumb Code     0  libshutdown2.o(.ARM.Collect$$libshutdown$$00000003)
    __rt_lib_shutdown_fp_trap_1              0x080002c3   Thumb Code     0  libshutdown2.o(.ARM.Collect$$libshutdown$$00000007)
    __rt_lib_shutdown_heap_1                 0x080002c3   Thumb Code     0  libshutdown2.o(.ARM.Collect$$libshutdown$$0000000F)
    __rt_lib_shutdown_return                 0x080002c3   Thumb Code     0  libshutdown2.o(.ARM.Collect$$libshutdown$$00000010)
    __rt_lib_shutdown_signal_1               0x080002c3   Thumb Code     0  libshutdown2.o(.ARM.Collect$$libshutdown$$0000000A)
    __rt_lib_shutdown_stdio_1                0x080002c3   Thumb Code     0  libshutdown2.o(.ARM.Collect$$libshutdown$$00000004)
    __rt_lib_shutdown_user_alloc_1           0x080002c3   Thumb Code     0  libshutdown2.o(.ARM.Collect$$libshutdown$$0000000C)
    __rt_entry                               0x080002c5   Thumb Code     0  __rtentry.o(.ARM.Collect$$rtentry$$00000000)
    __rt_entry_presh_1                       0x080002c5   Thumb Code     0  __rtentry2.o(.ARM.Collect$$rtentry$$00000002)
    __rt_entry_sh                            0x080002c5   Thumb Code     0  __rtentry4.o(.ARM.Collect$$rtentry$$00000004)
    __rt_entry_li                            0x080002cb   Thumb Code     0  __rtentry2.o(.ARM.Collect$$rtentry$$0000000A)
    __rt_entry_postsh_1                      0x080002cb   Thumb Code     0  __rtentry2.o(.ARM.Collect$$rtentry$$00000009)
    __rt_entry_main                          0x080002cf   Thumb Code     0  __rtentry2.o(.ARM.Collect$$rtentry$$0000000D)
    __rt_entry_postli_1                      0x080002cf   Thumb Code     0  __rtentry2.o(.ARM.Collect$$rtentry$$0000000C)
    __rt_exit                                0x080002d7   Thumb Code     0  rtexit.o(.ARM.Collect$$rtexit$$00000000)
    __rt_exit_ls                             0x080002d9   Thumb Code     0  rtexit2.o(.ARM.Collect$$rtexit$$00000003)
    __rt_exit_prels_1                        0x080002d9   Thumb Code     0  rtexit2.o(.ARM.Collect$$rtexit$$00000002)
    __rt_exit_exit                           0x080002dd   Thumb Code     0  rtexit2.o(.ARM.Collect$$rtexit$$00000004)
    Reset_Handler                            0x080002e5   Thumb Code     8  startup_stm32f407xx.o(.text)
    NMI_Handler                              0x080002ed   Thumb Code     2  startup_stm32f407xx.o(.text)
    HardFault_Handler                        0x080002ef   Thumb Code     2  startup_stm32f407xx.o(.text)
    MemManage_Handler                        0x080002f1   Thumb Code     2  startup_stm32f407xx.o(.text)
    BusFault_Handler                         0x080002f3   Thumb Code     2  startup_stm32f407xx.o(.text)
    UsageFault_Handler                       0x080002f5   Thumb Code     2  startup_stm32f407xx.o(.text)
    SVC_Handler                              0x080002f7   Thumb Code     2  startup_stm32f407xx.o(.text)
    DebugMon_Handler                         0x080002f9   Thumb Code     2  startup_stm32f407xx.o(.text)
    PendSV_Handler                           0x080002fb   Thumb Code     2  startup_stm32f407xx.o(.text)
    SysTick_Handler                          0x080002fd   Thumb Code     2  startup_stm32f407xx.o(.text)
    ADC_IRQHandler                           0x080002ff   Thumb Code     0  startup_stm32f407xx.o(.text)
    CAN1_RX0_IRQHandler                      0x080002ff   Thumb Code     0  startup_stm32f407xx.o(.text)
    CAN1_RX1_IRQHandler                      0x080002ff   Thumb Code     0  startup_stm32f407xx.o(.text)
    CAN1_SCE_IRQHandler                      0x080002ff   Thumb Code     0  startup_stm32f407xx.o(.text)
    CAN1_TX_IRQHandler                       0x080002ff   Thumb Code     0  startup_stm32f407xx.o(.text)
    CAN2_RX0_IRQHandler                      0x080002ff   Thumb Code     0  startup_stm32f407xx.o(.text)
    CAN2_RX1_IRQHandler                      0x080002ff   Thumb Code     0  startup_stm32f407xx.o(.text)
    CAN2_SCE_IRQHandler                      0x080002ff   Thumb Code     0  startup_stm32f407xx.o(.text)
    CAN2_TX_IRQHandler                       0x080002ff   Thumb Code     0  startup_stm32f407xx.o(.text)
    DCMI_IRQHandler                          0x080002ff   Thumb Code     0  startup_stm32f407xx.o(.text)
    DMA1_Stream0_IRQHandler                  0x080002ff   Thumb Code     0  startup_stm32f407xx.o(.text)
    DMA1_Stream1_IRQHandler                  0x080002ff   Thumb Code     0  startup_stm32f407xx.o(.text)
    DMA1_Stream2_IRQHandler                  0x080002ff   Thumb Code     0  startup_stm32f407xx.o(.text)
    DMA1_Stream3_IRQHandler                  0x080002ff   Thumb Code     0  startup_stm32f407xx.o(.text)
    DMA1_Stream4_IRQHandler                  0x080002ff   Thumb Code     0  startup_stm32f407xx.o(.text)
    DMA1_Stream5_IRQHandler                  0x080002ff   Thumb Code     0  startup_stm32f407xx.o(.text)
    DMA1_Stream6_IRQHandler                  0x080002ff   Thumb Code     0  startup_stm32f407xx.o(.text)
    DMA1_Stream7_IRQHandler                  0x080002ff   Thumb Code     0  startup_stm32f407xx.o(.text)
    DMA2_Stream0_IRQHandler                  0x080002ff   Thumb Code     0  startup_stm32f407xx.o(.text)
    DMA2_Stream1_IRQHandler                  0x080002ff   Thumb Code     0  startup_stm32f407xx.o(.text)
    DMA2_Stream2_IRQHandler                  0x080002ff   Thumb Code     0  startup_stm32f407xx.o(.text)
    DMA2_Stream3_IRQHandler                  0x080002ff   Thumb Code     0  startup_stm32f407xx.o(.text)
    DMA2_Stream4_IRQHandler                  0x080002ff   Thumb Code     0  startup_stm32f407xx.o(.text)
    DMA2_Stream5_IRQHandler                  0x080002ff   Thumb Code     0  startup_stm32f407xx.o(.text)
    DMA2_Stream6_IRQHandler                  0x080002ff   Thumb Code     0  startup_stm32f407xx.o(.text)
    DMA2_Stream7_IRQHandler                  0x080002ff   Thumb Code     0  startup_stm32f407xx.o(.text)
    ETH_IRQHandler                           0x080002ff   Thumb Code     0  startup_stm32f407xx.o(.text)
    ETH_WKUP_IRQHandler                      0x080002ff   Thumb Code     0  startup_stm32f407xx.o(.text)
    EXTI0_IRQHandler                         0x080002ff   Thumb Code     0  startup_stm32f407xx.o(.text)
    EXTI15_10_IRQHandler                     0x080002ff   Thumb Code     0  startup_stm32f407xx.o(.text)
    EXTI1_IRQHandler                         0x080002ff   Thumb Code     0  startup_stm32f407xx.o(.text)
    EXTI2_IRQHandler                         0x080002ff   Thumb Code     0  startup_stm32f407xx.o(.text)
    EXTI3_IRQHandler                         0x080002ff   Thumb Code     0  startup_stm32f407xx.o(.text)
    EXTI4_IRQHandler                         0x080002ff   Thumb Code     0  startup_stm32f407xx.o(.text)
    EXTI9_5_IRQHandler                       0x080002ff   Thumb Code     0  startup_stm32f407xx.o(.text)
    FLASH_IRQHandler                         0x080002ff   Thumb Code     0  startup_stm32f407xx.o(.text)
    FMC_IRQHandler                           0x080002ff   Thumb Code     0  startup_stm32f407xx.o(.text)
    FPU_IRQHandler                           0x080002ff   Thumb Code     0  startup_stm32f407xx.o(.text)
    HASH_RNG_IRQHandler                      0x080002ff   Thumb Code     0  startup_stm32f407xx.o(.text)
    I2C1_ER_IRQHandler                       0x080002ff   Thumb Code     0  startup_stm32f407xx.o(.text)
    I2C1_EV_IRQHandler                       0x080002ff   Thumb Code     0  startup_stm32f407xx.o(.text)
    I2C2_ER_IRQHandler                       0x080002ff   Thumb Code     0  startup_stm32f407xx.o(.text)
    I2C2_EV_IRQHandler                       0x080002ff   Thumb Code     0  startup_stm32f407xx.o(.text)
    I2C3_ER_IRQHandler                       0x080002ff   Thumb Code     0  startup_stm32f407xx.o(.text)
    I2C3_EV_IRQHandler                       0x080002ff   Thumb Code     0  startup_stm32f407xx.o(.text)
    OTG_FS_IRQHandler                        0x080002ff   Thumb Code     0  startup_stm32f407xx.o(.text)
    OTG_FS_WKUP_IRQHandler                   0x080002ff   Thumb Code     0  startup_stm32f407xx.o(.text)
    OTG_HS_EP1_IN_IRQHandler                 0x080002ff   Thumb Code     0  startup_stm32f407xx.o(.text)
    OTG_HS_EP1_OUT_IRQHandler                0x080002ff   Thumb Code     0  startup_stm32f407xx.o(.text)
    OTG_HS_IRQHandler                        0x080002ff   Thumb Code     0  startup_stm32f407xx.o(.text)
    OTG_HS_WKUP_IRQHandler                   0x080002ff   Thumb Code     0  startup_stm32f407xx.o(.text)
    PVD_IRQHandler                           0x080002ff   Thumb Code     0  startup_stm32f407xx.o(.text)
    RCC_IRQHandler                           0x080002ff   Thumb Code     0  startup_stm32f407xx.o(.text)
    RTC_Alarm_IRQHandler                     0x080002ff   Thumb Code     0  startup_stm32f407xx.o(.text)
    RTC_WKUP_IRQHandler                      0x080002ff   Thumb Code     0  startup_stm32f407xx.o(.text)
    SDIO_IRQHandler                          0x080002ff   Thumb Code     0  startup_stm32f407xx.o(.text)
    SPI1_IRQHandler                          0x080002ff   Thumb Code     0  startup_stm32f407xx.o(.text)
    SPI2_IRQHandler                          0x080002ff   Thumb Code     0  startup_stm32f407xx.o(.text)
    SPI3_IRQHandler                          0x080002ff   Thumb Code     0  startup_stm32f407xx.o(.text)
    TAMP_STAMP_IRQHandler                    0x080002ff   Thumb Code     0  startup_stm32f407xx.o(.text)
    TIM1_BRK_TIM9_IRQHandler                 0x080002ff   Thumb Code     0  startup_stm32f407xx.o(.text)
    TIM1_CC_IRQHandler                       0x080002ff   Thumb Code     0  startup_stm32f407xx.o(.text)
    TIM1_TRG_COM_TIM11_IRQHandler            0x080002ff   Thumb Code     0  startup_stm32f407xx.o(.text)
    TIM1_UP_TIM10_IRQHandler                 0x080002ff   Thumb Code     0  startup_stm32f407xx.o(.text)
    TIM2_IRQHandler                          0x080002ff   Thumb Code     0  startup_stm32f407xx.o(.text)
    TIM3_IRQHandler                          0x080002ff   Thumb Code     0  startup_stm32f407xx.o(.text)
    TIM4_IRQHandler                          0x080002ff   Thumb Code     0  startup_stm32f407xx.o(.text)
    TIM5_IRQHandler                          0x080002ff   Thumb Code     0  startup_stm32f407xx.o(.text)
    TIM6_DAC_IRQHandler                      0x080002ff   Thumb Code     0  startup_stm32f407xx.o(.text)
    TIM7_IRQHandler                          0x080002ff   Thumb Code     0  startup_stm32f407xx.o(.text)
    TIM8_BRK_TIM12_IRQHandler                0x080002ff   Thumb Code     0  startup_stm32f407xx.o(.text)
    TIM8_CC_IRQHandler                       0x080002ff   Thumb Code     0  startup_stm32f407xx.o(.text)
    TIM8_TRG_COM_TIM14_IRQHandler            0x080002ff   Thumb Code     0  startup_stm32f407xx.o(.text)
    TIM8_UP_TIM13_IRQHandler                 0x080002ff   Thumb Code     0  startup_stm32f407xx.o(.text)
    UART4_IRQHandler                         0x080002ff   Thumb Code     0  startup_stm32f407xx.o(.text)
    UART5_IRQHandler                         0x080002ff   Thumb Code     0  startup_stm32f407xx.o(.text)
    USART1_IRQHandler                        0x080002ff   Thumb Code     0  startup_stm32f407xx.o(.text)
    USART2_IRQHandler                        0x080002ff   Thumb Code     0  startup_stm32f407xx.o(.text)
    USART3_IRQHandler                        0x080002ff   Thumb Code     0  startup_stm32f407xx.o(.text)
    USART6_IRQHandler                        0x080002ff   Thumb Code     0  startup_stm32f407xx.o(.text)
    WWDG_IRQHandler                          0x080002ff   Thumb Code     0  startup_stm32f407xx.o(.text)
    __user_initial_stackheap                 0x08000301   Thumb Code     0  startup_stm32f407xx.o(.text)
    printf                                   0x08000325   Thumb Code    20  printf.o(.text)
    scanf                                    0x0800033d   Thumb Code    26  scanf.o(.text)
    __use_two_region_memory                  0x0800035d   Thumb Code     2  heapauxi.o(.text)
    __rt_heap_escrow                         0x0800035f   Thumb Code     2  heapauxi.o(.text)
    __rt_heap_expand                         0x08000361   Thumb Code     2  heapauxi.o(.text)
    _printf_pre_padding                      0x08000363   Thumb Code    44  _printf_pad.o(.text)
    _printf_post_padding                     0x0800038f   Thumb Code    34  _printf_pad.o(.text)
    _printf_truncate_signed                  0x080003b1   Thumb Code    18  _printf_truncate.o(.text)
    _printf_truncate_unsigned                0x080003c3   Thumb Code    18  _printf_truncate.o(.text)
    _printf_str                              0x080003d5   Thumb Code    82  _printf_str.o(.text)
    _printf_int_dec                          0x08000429   Thumb Code   104  _printf_dec.o(.text)
    _printf_charcount                        0x080004a1   Thumb Code    40  _printf_charcount.o(.text)
    _printf_char_file                        0x080004c9   Thumb Code    32  _printf_char_file.o(.text)
    _printf_wctomb                           0x080004ed   Thumb Code   182  _printf_wctomb.o(.text)
    _printf_longlong_dec                     0x080005a9   Thumb Code   108  _printf_longlong_dec.o(.text)
    _printf_longlong_oct                     0x08000625   Thumb Code    68  _printf_oct_int_ll.o(.text)
    _printf_int_oct                          0x08000669   Thumb Code    24  _printf_oct_int_ll.o(.text)
    _printf_ll_oct                           0x08000681   Thumb Code    12  _printf_oct_int_ll.o(.text)
    _printf_longlong_hex                     0x08000695   Thumb Code    86  _printf_hex_int_ll_ptr.o(.text)
    _printf_int_hex                          0x080006eb   Thumb Code    28  _printf_hex_int_ll_ptr.o(.text)
    _printf_ll_hex                           0x08000707   Thumb Code    12  _printf_hex_int_ll_ptr.o(.text)
    _printf_hex_ptr                          0x08000713   Thumb Code    18  _printf_hex_int_ll_ptr.o(.text)
    __printf                                 0x08000729   Thumb Code   388  __printf_flags_ss_wp.o(.text)
    _scanf_longlong                          0x080008b1   Thumb Code   342  _scanf_longlong.o(.text)
    _scanf_int                               0x08000a07   Thumb Code   332  _scanf_int.o(.text)
    _scanf_string                            0x08000b53   Thumb Code   224  _scanf_str.o(.text)
    __vfscanf_char_file                      0x08000c35   Thumb Code    16  scanf_char_file.o(.text)
    _scanf_mbtowc                            0x08000c4d   Thumb Code   276  _scanf_mbtowc.o(.text)
    _scanf_wctomb                            0x08000d61   Thumb Code   232  _scanf_wctomb.o(.text)
    _scanf_wstring                           0x08000e49   Thumb Code   208  _scanf_wstr.o(.text)
    _ll_udiv10                               0x08000f19   Thumb Code   138  lludiv10.o(.text)
    _printf_int_common                       0x08000fa3   Thumb Code   178  _printf_intcommon.o(.text)
    _printf_fp_dec_real                      0x08001205   Thumb Code   620  _printf_fp_dec.o(.text)
    _printf_fp_hex_real                      0x08001471   Thumb Code   756  _printf_fp_hex.o(.text)
    _printf_char_common                      0x08001777   Thumb Code    32  _printf_char_common.o(.text)
    _printf_cs_common                        0x0800179d   Thumb Code    20  _printf_char.o(.text)
    _printf_char                             0x080017b1   Thumb Code    16  _printf_char.o(.text)
    _printf_string                           0x080017c1   Thumb Code     8  _printf_char.o(.text)
    _printf_lcs_common                       0x080017c9   Thumb Code    20  _printf_wchar.o(.text)
    _printf_wchar                            0x080017dd   Thumb Code    16  _printf_wchar.o(.text)
    _printf_wstring                          0x080017ed   Thumb Code     8  _printf_wchar.o(.text)
    _chval                                   0x080017f5   Thumb Code    28  _chval.o(.text)
    _scanf_really_real                       0x08001a5d   Thumb Code   684  scanf_fp.o(.text)
    __vfscanf_char                           0x08001d15   Thumb Code    24  scanf_char.o(.text)
    _scanf_wcharmap                          0x08001d35   Thumb Code    30  _scanf_wcharmap.o(.text)
    ___backspace$unlocked                    0x08001d53   Thumb Code     2  backspace.o(.text)
    __backspace                              0x08001d55   Thumb Code    70  backspace.o(.text)
    ferror                                   0x08001d9b   Thumb Code     8  ferror.o(.text)
    _initio                                  0x08001da5   Thumb Code   210  initio.o(.text)
    _terminateio                             0x08001e77   Thumb Code    56  initio.o(.text)
    _mbrtoc16                                0x08001edd   Thumb Code    64  _mbrtoc16.o(.text)
    _mbrtowc                                 0x08001edd   Thumb Code     0  _mbrtoc16.o(.text)
    _c16rtomb                                0x08001f1d   Thumb Code    72  _c16rtomb.o(.text)
    _wcrtomb                                 0x08001f1d   Thumb Code     0  _c16rtomb.o(.text)
    __user_setup_stackheap                   0x08001f65   Thumb Code    74  sys_stackheap_outer.o(.text)
    __rt_ctype_table                         0x08001fb1   Thumb Code    16  rt_ctype_table.o(.text)
    __rt_locale                              0x08001fc1   Thumb Code     8  rt_locale_intlibspace.o(.text)
    __aeabi_errno_addr                       0x08001fc9   Thumb Code     8  rt_errno_addr_intlibspace.o(.text)
    __errno$intlibspace                      0x08001fc9   Thumb Code     0  rt_errno_addr_intlibspace.o(.text)
    __rt_errno_addr$intlibspace              0x08001fc9   Thumb Code     0  rt_errno_addr_intlibspace.o(.text)
    free                                     0x08001fd1   Thumb Code    78  h1_free.o(.text)
    __aeabi_llsl                             0x0800201f   Thumb Code     0  llshl.o(.text)
    _ll_shift_l                              0x0800201f   Thumb Code    38  llshl.o(.text)
    isspace                                  0x08002045   Thumb Code    18  isspace.o(.text)
    _printf_fp_infnan                        0x08002059   Thumb Code   112  _printf_fp_infnan.o(.text)
    __vfscanf                                0x080020d9   Thumb Code   878  _scanf.o(.text)
    _btod_etento                             0x0800244d   Thumb Code   224  bigflt0.o(.text)
    _readbuf                                 0x08002531   Thumb Code    54  filbuf.o(.text)
    _seteof                                  0x08002567   Thumb Code    40  filbuf.o(.text)
    __filbuf                                 0x0800258f   Thumb Code   492  filbuf.o(.text)
    __filbuf_byte                            0x0800258f   Thumb Code     0  filbuf.o(.text)
    __filbuf_wide                            0x0800258f   Thumb Code     0  filbuf.o(.text)
    __flsbuf                                 0x0800277b   Thumb Code   482  flsbuf.o(.text)
    __flsbuf_byte                            0x0800277b   Thumb Code     0  flsbuf.o(.text)
    __flsbuf_wide                            0x0800277b   Thumb Code     0  flsbuf.o(.text)
    setvbuf                                  0x0800295d   Thumb Code    70  setvbuf.o(.text)
    _ungetc_internal                         0x080029a5   Thumb Code    60  ungetc.o(.text)
    ungetc                                   0x080029a5   Thumb Code     0  ungetc.o(.text)
    freopen                                  0x080029ed   Thumb Code   160  fopen.o(.text)
    fopen                                    0x08002a8d   Thumb Code    74  fopen.o(.text)
    _fclose_internal                         0x08002add   Thumb Code    76  fclose.o(.text)
    fclose                                   0x08002add   Thumb Code     0  fclose.o(.text)
    exit                                     0x08002b29   Thumb Code    18  exit.o(.text)
    __rt_SIGRTRED                            0x08002b3b   Thumb Code    14  defsig_rtred_outer.o(.text)
    strlen                                   0x08002b49   Thumb Code    62  strlen.o(.text)
    __aeabi_memclr4                          0x08002b87   Thumb Code     0  rt_memclr_w.o(.text)
    __aeabi_memclr8                          0x08002b87   Thumb Code     0  rt_memclr_w.o(.text)
    __rt_memclr_w                            0x08002b87   Thumb Code     0  rt_memclr_w.o(.text)
    _memset_w                                0x08002b8b   Thumb Code    74  rt_memclr_w.o(.text)
    _sys_open                                0x08002bd5   Thumb Code    20  sys_io.o(.text)
    _sys_close                               0x08002be9   Thumb Code    12  sys_io.o(.text)
    _sys_write                               0x08002bf5   Thumb Code    16  sys_io.o(.text)
    _sys_read                                0x08002c05   Thumb Code    14  sys_io.o(.text)
    _sys_istty                               0x08002c13   Thumb Code    12  sys_io.o(.text)
    _sys_seek                                0x08002c1f   Thumb Code    14  sys_io.o(.text)
    _sys_ensure                              0x08002c2d   Thumb Code     2  sys_io.o(.text)
    _sys_flen                                0x08002c2f   Thumb Code    12  sys_io.o(.text)
    __user_libspace                          0x08002c3d   Thumb Code     8  libspace.o(.text)
    __user_perproc_libspace                  0x08002c3d   Thumb Code     0  libspace.o(.text)
    __user_perthread_libspace                0x08002c3d   Thumb Code     0  libspace.o(.text)
    __rt_heap_descriptor                     0x08002c45   Thumb Code     8  rt_heap_descriptor_intlibspace.o(.text)
    __use_no_heap                            0x08002c4d   Thumb Code     2  hguard.o(.text)
    __heap$guard                             0x08002c4f   Thumb Code     2  hguard.o(.text)
    _terminate_user_alloc                    0x08002c51   Thumb Code     2  init_alloc.o(.text)
    _init_user_alloc                         0x08002c53   Thumb Code     2  init_alloc.o(.text)
    __Heap_Full                              0x08002c55   Thumb Code    34  init_alloc.o(.text)
    __Heap_Broken                            0x08002c77   Thumb Code     6  init_alloc.o(.text)
    _init_alloc                              0x08002c7d   Thumb Code    94  init_alloc.o(.text)
    malloc                                   0x08002cdb   Thumb Code    94  h1_alloc.o(.text)
    __read_errno                             0x08002d39   Thumb Code    10  _rserrno.o(.text)
    __set_errno                              0x08002d43   Thumb Code    12  _rserrno.o(.text)
    _scanf_really_hex_real                   0x08002d51   Thumb Code   786  scanf_hexfp.o(.text)
    _scanf_really_infnan                     0x08003071   Thumb Code   292  scanf_infnan.o(.text)
    _fseek                                   0x080031a5   Thumb Code   242  fseek.o(.text)
    fseek                                    0x080031a5   Thumb Code     0  fseek.o(.text)
    _seterr                                  0x0800329d   Thumb Code    20  stdio.o(.text)
    _writebuf                                0x080032b1   Thumb Code    84  stdio.o(.text)
    _fflush                                  0x08003305   Thumb Code    70  stdio.o(.text)
    _deferredlazyseek                        0x0800334b   Thumb Code    60  stdio.o(.text)
    _flushlinebuffered                       0x0800338d   Thumb Code    50  flushlinebuffered.o(.text)
    __sig_exit                               0x080033c5   Thumb Code    10  defsig_exit.o(.text)
    __rt_SIGRTRED_inner                      0x080033d1   Thumb Code    14  defsig_rtred_inner.o(.text)
    strcmp                                   0x08003409   Thumb Code   124  strcmpv7em.o(.text)
    _sys_exit                                0x08003485   Thumb Code     8  sys_exit.o(.text)
    __I$use$semihosting                      0x08003491   Thumb Code     0  use_no_semi.o(.text)
    __use_no_semihosting_swi                 0x08003491   Thumb Code     2  use_no_semi.o(.text)
    __Heap_Initialize                        0x08003493   Thumb Code    10  h1_init.o(.text)
    __semihosting_library_function           0x08003493   Thumb Code     0  indicate_semi.o(.text)
    _maybe_terminate_alloc                   0x08003493   Thumb Code     0  maybetermalloc1.o(.text)
    __Heap_DescSize                          0x0800349d   Thumb Code     4  h1_init.o(.text)
    __Heap_ProvideMemory                     0x080034a1   Thumb Code    52  h1_extend.o(.text)
    _do_fflush                               0x080034d5   Thumb Code    54  fflush.o(.text)
    fflush                                   0x0800350b   Thumb Code    42  fflush.o(.text)
    _ftell_internal                          0x08003539   Thumb Code    66  ftell.o(.text)
    ftell                                    0x08003539   Thumb Code     0  ftell.o(.text)
    __default_signal_display                 0x0800357b   Thumb Code    50  defsig_general.o(.text)
    __rt_SIGRTMEM                            0x080035ad   Thumb Code    14  defsig_rtmem_outer.o(.text)
    _ttywrch                                 0x080035bb   Thumb Code    14  sys_wrch.o(.text)
    __rt_SIGRTMEM_inner                      0x080035c9   Thumb Code    22  defsig_rtmem_inner.o(.text)
    SystemInit                               0x08003619   Thumb Code    18  system_stm32f4xx.o(.text.SystemInit)
    main                                     0x0800362d   Thumb Code   298  main.o(.text.main)
    _btod_d2e                                0x08003757   Thumb Code    62  btod.o(CL$$btod_d2e)
    _d2e_denorm_low                          0x08003795   Thumb Code    70  btod.o(CL$$btod_d2e_denorm_low)
    _d2e_norm_op1                            0x080037db   Thumb Code    96  btod.o(CL$$btod_d2e_norm_op1)
    __btod_div_common                        0x0800383d   Thumb Code   696  btod.o(CL$$btod_div_common)
    _e2d                                     0x08003b75   Thumb Code   122  btod.o(CL$$btod_e2d)
    _e2e                                     0x08003bf9   Thumb Code   220  btod.o(CL$$btod_e2e)
    _btod_ediv                               0x08003cd5   Thumb Code    42  btod.o(CL$$btod_ediv)
    _btod_edivd                              0x08003cff   Thumb Code    42  btod.o(CL$$btod_edivd)
    _btod_emul                               0x08003d29   Thumb Code    42  btod.o(CL$$btod_emul)
    _btod_emuld                              0x08003d53   Thumb Code    42  btod.o(CL$$btod_emuld)
    __btod_mult_common                       0x08003d7d   Thumb Code   580  btod.o(CL$$btod_mult_common)
    __ARM_fpclassify                         0x08003fc1   Thumb Code    48  fpclassify.o(i.__ARM_fpclassify)
    __hardfp___mathlib_tofloat               0x08003ff1   Thumb Code   232  narrow.o(i.__hardfp___mathlib_tofloat)
    __hardfp_ldexp                           0x080040e9   Thumb Code   200  ldexp.o(i.__hardfp_ldexp)
    __mathlib_dbl_overflow                   0x080041b9   Thumb Code    24  dunder.o(i.__mathlib_dbl_overflow)
    __mathlib_dbl_underflow                  0x080041d9   Thumb Code    24  dunder.o(i.__mathlib_dbl_underflow)
    __mathlib_narrow                         0x080041f9   Thumb Code    18  narrow.o(i.__mathlib_narrow)
    __support_ldexp                          0x0800420b   Thumb Code    20  ldexp.o(i.__support_ldexp)
    _is_digit                                0x0800421f   Thumb Code    14  __printf_wp.o(i._is_digit)
    fgetc                                    0x0800422d   Thumb Code    26  fgetc.o(i.fgetc)
    fputc                                    0x08004247   Thumb Code    28  fputc.o(i.fputc)
    frexp                                    0x08004269   Thumb Code   118  frexp.o(i.frexp)
    _get_lc_numeric                          0x080042f5   Thumb Code    44  lc_numeric_c.o(locale$$code)
    _get_lc_ctype                            0x08004321   Thumb Code    44  lc_ctype_c.o(locale$$code)
    __aeabi_d2f                              0x0800434d   Thumb Code     0  d2f.o(x$fpl$d2f)
    _d2f                                     0x0800434d   Thumb Code    98  d2f.o(x$fpl$d2f)
    __aeabi_dadd                             0x080043b1   Thumb Code     0  daddsub_clz.o(x$fpl$dadd)
    _dadd                                    0x080043b1   Thumb Code   332  daddsub_clz.o(x$fpl$dadd)
    __fpl_dcheck_NaN1                        0x08004501   Thumb Code    10  dcheck1.o(x$fpl$dcheck1)
    __fpl_dcmp_Inf                           0x08004511   Thumb Code    24  dcmpi.o(x$fpl$dcmpinf)
    __aeabi_ddiv                             0x08004529   Thumb Code     0  ddiv.o(x$fpl$ddiv)
    _ddiv                                    0x08004529   Thumb Code   556  ddiv.o(x$fpl$ddiv)
    __aeabi_cdcmpeq                          0x080047dd   Thumb Code     0  deqf.o(x$fpl$deqf)
    _dcmpeq                                  0x080047dd   Thumb Code   120  deqf.o(x$fpl$deqf)
    __aeabi_cdcmple                          0x08004855   Thumb Code     0  dleqf.o(x$fpl$dleqf)
    _dcmple                                  0x08004855   Thumb Code   120  dleqf.o(x$fpl$dleqf)
    __fpl_dcmple_InfNaN                      0x080048b7   Thumb Code     0  dleqf.o(x$fpl$dleqf)
    __aeabi_dmul                             0x080048cd   Thumb Code     0  dmul.o(x$fpl$dmul)
    _dmul                                    0x080048cd   Thumb Code   332  dmul.o(x$fpl$dmul)
    __fpl_dnaninf                            0x08004a21   Thumb Code   156  dnaninf.o(x$fpl$dnaninf)
    __fpl_dretinf                            0x08004abd   Thumb Code    12  dretinf.o(x$fpl$dretinf)
    __aeabi_cdrcmple                         0x08004ac9   Thumb Code     0  drleqf.o(x$fpl$drleqf)
    _drcmple                                 0x08004ac9   Thumb Code   108  drleqf.o(x$fpl$drleqf)
    __aeabi_dsub                             0x08004b35   Thumb Code     0  daddsub_clz.o(x$fpl$dsub)
    _dsub                                    0x08004b35   Thumb Code   472  daddsub_clz.o(x$fpl$dsub)
    _fp_init                                 0x08004d11   Thumb Code    26  fpinit.o(x$fpl$fpinit)
    __fplib_config_fpu_vfp                   0x08004d29   Thumb Code     0  fpinit.o(x$fpl$fpinit)
    __fplib_config_pureend_doubles           0x08004d29   Thumb Code     0  fpinit.o(x$fpl$fpinit)
    __fpl_fretinf                            0x08004d2b   Thumb Code    10  fretinf.o(x$fpl$fretinf)
    __ieee_status                            0x08004d35   Thumb Code     6  istatus.o(x$fpl$ieeestatus)
    _printf_fp_dec                           0x08004d3b   Thumb Code     4  printf1.o(x$fpl$printf1)
    _printf_fp_hex                           0x08004d3f   Thumb Code     4  printf2.o(x$fpl$printf2)
    __fpl_return_NaN                         0x08004d43   Thumb Code   100  retnan.o(x$fpl$retnan)
    __ARM_scalbn                             0x08004da7   Thumb Code    92  scalbn.o(x$fpl$scalbn)
    _scanf_real                              0x08004e03   Thumb Code     4  scanf1.o(x$fpl$scanf1)
    _scanf_hex_real                          0x08004e07   Thumb Code     4  scanf2.o(x$fpl$scanf2)
    _scanf_infnan                            0x08004e0b   Thumb Code     4  scanf2.o(x$fpl$scanf2)
    __fpl_cmpreturn                          0x08004e0f   Thumb Code    48  trapv.o(x$fpl$trapveneer)
    __I$use$fp                               0x08004e3e   Number         0  usenofp.o(x$fpl$usenofp)
    __stdin_name                             0x08004ea7   Data           4  sys_io_names.o(.constdata)
    __stdout_name                            0x08004eab   Data           4  sys_io_names.o(.constdata)
    __stderr_name                            0x08004eaf   Data           4  sys_io_names.o(.constdata)
    Region$$Table$$Base                      0x08004fa4   Number         0  anon$$obj.o(Region$$Table)
    Region$$Table$$Limit                     0x08004fc4   Number         0  anon$$obj.o(Region$$Table)
    __aeabi_HUGE_VAL                         0x08004fc4   Data           0  fpconst.o(c$$dinf)
    __aeabi_HUGE_VALL                        0x08004fc4   Data           0  fpconst.o(c$$dinf)
    __aeabi_INFINITY                         0x08004fc4   Data           0  fpconst.o(c$$dinf)
    __dInf                                   0x08004fc4   Data           0  fpconst.o(c$$dinf)
    __huge_val                               0x08004fc4   Data           0  fpconst.o(c$$dinf)
    __dbl_max                                0x08004fcc   Data           0  fpconst.o(c$$dmax)
    __ctype                                  0x08004ffd   Data           0  lc_ctype_c.o(locale$$data)
    __aeabi_stdin                            0x20000000   Data           4  stdio_streams.o(.data)
    __aeabi_stdout                           0x20000004   Data           4  stdio_streams.o(.data)
    __aeabi_stderr                           0x20000008   Data           4  stdio_streams.o(.data)
    __stdin                                  0x20000010   Data          84  stdio_streams.o(.bss)
    __stdout                                 0x20000064   Data          84  stdio_streams.o(.bss)
    __stderr                                 0x200000b8   Data          84  stdio_streams.o(.bss)
    __libspace_start                         0x2000010c   Data          96  libspace.o(.bss)
    __temporary_stack_top$libspace           0x2000016c   Data           0  libspace.o(.bss)



==============================================================================

Memory Map of the image

  Image Entry point : 0x080002e5

  Load Region LR_1 (Base: 0x08000000, Size: 0x0000510c, Max: 0xffffffff, ABSOLUTE)

    Execution Region ER_RO (Exec base: 0x08000000, Load base: 0x08000000, Size: 0x00005100, Max: 0xffffffff, ABSOLUTE)

    Exec Addr    Load Addr    Size         Type   Attr      Idx    E Section Name        Object

    0x08000000   0x08000000   0x00000188   Data   RO           13    RESET               startup_stm32f407xx.o
    0x08000188   0x08000188   0x00000008   Code   RO           42  * !!!main             c_w.l(__main.o)
    0x08000190   0x08000190   0x00000034   Code   RO          719    !!!scatter          c_w.l(__scatter.o)
    0x080001c4   0x080001c4   0x0000001a   Code   RO          721    !!handler_copy      c_w.l(__scatter_copy.o)
    0x080001de   0x080001de   0x00000002   PAD
    0x080001e0   0x080001e0   0x0000001c   Code   RO          723    !!handler_zi        c_w.l(__scatter_zi.o)
    0x080001fc   0x080001fc   0x00000000   Code   RO          136    .ARM.Collect$$_printf_percent$$00000000  c_w.l(_printf_percent.o)
    0x080001fc   0x080001fc   0x00000006   Code   RO          125    .ARM.Collect$$_printf_percent$$00000001  c_w.l(_printf_n.o)
    0x08000202   0x08000202   0x00000006   Code   RO          127    .ARM.Collect$$_printf_percent$$00000002  c_w.l(_printf_p.o)
    0x08000208   0x08000208   0x00000006   Code   RO          132    .ARM.Collect$$_printf_percent$$00000003  c_w.l(_printf_f.o)
    0x0800020e   0x0800020e   0x00000006   Code   RO          133    .ARM.Collect$$_printf_percent$$00000004  c_w.l(_printf_e.o)
    0x08000214   0x08000214   0x00000006   Code   RO          134    .ARM.Collect$$_printf_percent$$00000005  c_w.l(_printf_g.o)
    0x0800021a   0x0800021a   0x00000006   Code   RO          135    .ARM.Collect$$_printf_percent$$00000006  c_w.l(_printf_a.o)
    0x08000220   0x08000220   0x0000000a   Code   RO          140    .ARM.Collect$$_printf_percent$$00000007  c_w.l(_printf_ll.o)
    0x0800022a   0x0800022a   0x00000006   Code   RO          129    .ARM.Collect$$_printf_percent$$00000008  c_w.l(_printf_i.o)
    0x08000230   0x08000230   0x00000006   Code   RO          130    .ARM.Collect$$_printf_percent$$00000009  c_w.l(_printf_d.o)
    0x08000236   0x08000236   0x00000006   Code   RO          131    .ARM.Collect$$_printf_percent$$0000000A  c_w.l(_printf_u.o)
    0x0800023c   0x0800023c   0x00000006   Code   RO          128    .ARM.Collect$$_printf_percent$$0000000B  c_w.l(_printf_o.o)
    0x08000242   0x08000242   0x00000006   Code   RO          126    .ARM.Collect$$_printf_percent$$0000000C  c_w.l(_printf_x.o)
    0x08000248   0x08000248   0x00000006   Code   RO          137    .ARM.Collect$$_printf_percent$$0000000D  c_w.l(_printf_lli.o)
    0x0800024e   0x0800024e   0x00000006   Code   RO          138    .ARM.Collect$$_printf_percent$$0000000E  c_w.l(_printf_lld.o)
    0x08000254   0x08000254   0x00000006   Code   RO          139    .ARM.Collect$$_printf_percent$$0000000F  c_w.l(_printf_llu.o)
    0x0800025a   0x0800025a   0x00000006   Code   RO          144    .ARM.Collect$$_printf_percent$$00000010  c_w.l(_printf_llo.o)
    0x08000260   0x08000260   0x00000006   Code   RO          145    .ARM.Collect$$_printf_percent$$00000011  c_w.l(_printf_llx.o)
    0x08000266   0x08000266   0x0000000a   Code   RO          141    .ARM.Collect$$_printf_percent$$00000012  c_w.l(_printf_l.o)
    0x08000270   0x08000270   0x00000006   Code   RO          123    .ARM.Collect$$_printf_percent$$00000013  c_w.l(_printf_c.o)
    0x08000276   0x08000276   0x00000006   Code   RO          124    .ARM.Collect$$_printf_percent$$00000014  c_w.l(_printf_s.o)
    0x0800027c   0x0800027c   0x00000006   Code   RO          142    .ARM.Collect$$_printf_percent$$00000015  c_w.l(_printf_lc.o)
    0x08000282   0x08000282   0x00000006   Code   RO          143    .ARM.Collect$$_printf_percent$$00000016  c_w.l(_printf_ls.o)
    0x08000288   0x08000288   0x00000004   Code   RO          213    .ARM.Collect$$_printf_percent$$00000017  c_w.l(_printf_percent_end.o)
    0x0800028c   0x0800028c   0x00000002   Code   RO          402    .ARM.Collect$$libinit$$00000000  c_w.l(libinit.o)
    0x0800028e   0x0800028e   0x00000004   Code   RO          403    .ARM.Collect$$libinit$$00000001  c_w.l(libinit2.o)
    0x08000292   0x08000292   0x00000000   Code   RO          406    .ARM.Collect$$libinit$$00000004  c_w.l(libinit2.o)
    0x08000292   0x08000292   0x00000000   Code   RO          408    .ARM.Collect$$libinit$$00000006  c_w.l(libinit2.o)
    0x08000292   0x08000292   0x00000008   Code   RO          409    .ARM.Collect$$libinit$$00000007  c_w.l(libinit2.o)
    0x0800029a   0x0800029a   0x00000000   Code   RO          411    .ARM.Collect$$libinit$$0000000C  c_w.l(libinit2.o)
    0x0800029a   0x0800029a   0x00000000   Code   RO          413    .ARM.Collect$$libinit$$0000000E  c_w.l(libinit2.o)
    0x0800029a   0x0800029a   0x00000000   Code   RO          415    .ARM.Collect$$libinit$$00000010  c_w.l(libinit2.o)
    0x0800029a   0x0800029a   0x00000006   Code   RO          416    .ARM.Collect$$libinit$$00000011  c_w.l(libinit2.o)
    0x080002a0   0x080002a0   0x00000000   Code   RO          418    .ARM.Collect$$libinit$$00000013  c_w.l(libinit2.o)
    0x080002a0   0x080002a0   0x0000000c   Code   RO          419    .ARM.Collect$$libinit$$00000014  c_w.l(libinit2.o)
    0x080002ac   0x080002ac   0x00000000   Code   RO          420    .ARM.Collect$$libinit$$00000015  c_w.l(libinit2.o)
    0x080002ac   0x080002ac   0x00000000   Code   RO          422    .ARM.Collect$$libinit$$00000017  c_w.l(libinit2.o)
    0x080002ac   0x080002ac   0x0000000a   Code   RO          423    .ARM.Collect$$libinit$$00000018  c_w.l(libinit2.o)
    0x080002b6   0x080002b6   0x00000000   Code   RO          424    .ARM.Collect$$libinit$$00000019  c_w.l(libinit2.o)
    0x080002b6   0x080002b6   0x00000000   Code   RO          426    .ARM.Collect$$libinit$$0000001B  c_w.l(libinit2.o)
    0x080002b6   0x080002b6   0x00000000   Code   RO          428    .ARM.Collect$$libinit$$0000001D  c_w.l(libinit2.o)
    0x080002b6   0x080002b6   0x00000000   Code   RO          430    .ARM.Collect$$libinit$$0000001F  c_w.l(libinit2.o)
    0x080002b6   0x080002b6   0x00000000   Code   RO          432    .ARM.Collect$$libinit$$00000021  c_w.l(libinit2.o)
    0x080002b6   0x080002b6   0x00000000   Code   RO          434    .ARM.Collect$$libinit$$00000023  c_w.l(libinit2.o)
    0x080002b6   0x080002b6   0x00000000   Code   RO          436    .ARM.Collect$$libinit$$00000025  c_w.l(libinit2.o)
    0x080002b6   0x080002b6   0x00000004   Code   RO          437    .ARM.Collect$$libinit$$00000026  c_w.l(libinit2.o)
    0x080002ba   0x080002ba   0x00000000   Code   RO          438    .ARM.Collect$$libinit$$00000027  c_w.l(libinit2.o)
    0x080002ba   0x080002ba   0x00000000   Code   RO          442    .ARM.Collect$$libinit$$0000002E  c_w.l(libinit2.o)
    0x080002ba   0x080002ba   0x00000000   Code   RO          444    .ARM.Collect$$libinit$$00000030  c_w.l(libinit2.o)
    0x080002ba   0x080002ba   0x00000000   Code   RO          446    .ARM.Collect$$libinit$$00000032  c_w.l(libinit2.o)
    0x080002ba   0x080002ba   0x00000000   Code   RO          448    .ARM.Collect$$libinit$$00000034  c_w.l(libinit2.o)
    0x080002ba   0x080002ba   0x00000002   Code   RO          449    .ARM.Collect$$libinit$$00000035  c_w.l(libinit2.o)
    0x080002bc   0x080002bc   0x00000002   Code   RO          676    .ARM.Collect$$libshutdown$$00000000  c_w.l(libshutdown.o)
    0x080002be   0x080002be   0x00000000   Code   RO          451    .ARM.Collect$$libshutdown$$00000002  c_w.l(libshutdown2.o)
    0x080002be   0x080002be   0x00000004   Code   RO          452    .ARM.Collect$$libshutdown$$00000003  c_w.l(libshutdown2.o)
    0x080002c2   0x080002c2   0x00000000   Code   RO          453    .ARM.Collect$$libshutdown$$00000004  c_w.l(libshutdown2.o)
    0x080002c2   0x080002c2   0x00000000   Code   RO          456    .ARM.Collect$$libshutdown$$00000007  c_w.l(libshutdown2.o)
    0x080002c2   0x080002c2   0x00000000   Code   RO          459    .ARM.Collect$$libshutdown$$0000000A  c_w.l(libshutdown2.o)
    0x080002c2   0x080002c2   0x00000000   Code   RO          461    .ARM.Collect$$libshutdown$$0000000C  c_w.l(libshutdown2.o)
    0x080002c2   0x080002c2   0x00000000   Code   RO          464    .ARM.Collect$$libshutdown$$0000000F  c_w.l(libshutdown2.o)
    0x080002c2   0x080002c2   0x00000002   Code   RO          465    .ARM.Collect$$libshutdown$$00000010  c_w.l(libshutdown2.o)
    0x080002c4   0x080002c4   0x00000000   Code   RO           56    .ARM.Collect$$rtentry$$00000000  c_w.l(__rtentry.o)
    0x080002c4   0x080002c4   0x00000000   Code   RO          182    .ARM.Collect$$rtentry$$00000002  c_w.l(__rtentry2.o)
    0x080002c4   0x080002c4   0x00000006   Code   RO          194    .ARM.Collect$$rtentry$$00000004  c_w.l(__rtentry4.o)
    0x080002ca   0x080002ca   0x00000000   Code   RO          184    .ARM.Collect$$rtentry$$00000009  c_w.l(__rtentry2.o)
    0x080002ca   0x080002ca   0x00000004   Code   RO          185    .ARM.Collect$$rtentry$$0000000A  c_w.l(__rtentry2.o)
    0x080002ce   0x080002ce   0x00000000   Code   RO          187    .ARM.Collect$$rtentry$$0000000C  c_w.l(__rtentry2.o)
    0x080002ce   0x080002ce   0x00000008   Code   RO          188    .ARM.Collect$$rtentry$$0000000D  c_w.l(__rtentry2.o)
    0x080002d6   0x080002d6   0x00000002   Code   RO          499    .ARM.Collect$$rtexit$$00000000  c_w.l(rtexit.o)
    0x080002d8   0x080002d8   0x00000000   Code   RO          597    .ARM.Collect$$rtexit$$00000002  c_w.l(rtexit2.o)
    0x080002d8   0x080002d8   0x00000004   Code   RO          598    .ARM.Collect$$rtexit$$00000003  c_w.l(rtexit2.o)
    0x080002dc   0x080002dc   0x00000006   Code   RO          599    .ARM.Collect$$rtexit$$00000004  c_w.l(rtexit2.o)
    0x080002e2   0x080002e2   0x00000002   PAD
    0x080002e4   0x080002e4   0x00000040   Code   RO           14  * .text               startup_stm32f407xx.o
    0x08000324   0x08000324   0x00000018   Code   RO           36    .text               c_w.l(printf.o)
    0x0800033c   0x0800033c   0x00000020   Code   RO           38    .text               c_w.l(scanf.o)
    0x0800035c   0x0800035c   0x00000006   Code   RO           40    .text               c_w.l(heapauxi.o)
    0x08000362   0x08000362   0x0000004e   Code   RO           59    .text               c_w.l(_printf_pad.o)
    0x080003b0   0x080003b0   0x00000024   Code   RO           61    .text               c_w.l(_printf_truncate.o)
    0x080003d4   0x080003d4   0x00000052   Code   RO           63    .text               c_w.l(_printf_str.o)
    0x08000426   0x08000426   0x00000002   PAD
    0x08000428   0x08000428   0x00000078   Code   RO           65    .text               c_w.l(_printf_dec.o)
    0x080004a0   0x080004a0   0x00000028   Code   RO           67    .text               c_w.l(_printf_charcount.o)
    0x080004c8   0x080004c8   0x00000024   Code   RO           69    .text               c_w.l(_printf_char_file.o)
    0x080004ec   0x080004ec   0x000000bc   Code   RO           71    .text               c_w.l(_printf_wctomb.o)
    0x080005a8   0x080005a8   0x0000007c   Code   RO           74    .text               c_w.l(_printf_longlong_dec.o)
    0x08000624   0x08000624   0x00000070   Code   RO           80    .text               c_w.l(_printf_oct_int_ll.o)
    0x08000694   0x08000694   0x00000094   Code   RO          100    .text               c_w.l(_printf_hex_int_ll_ptr.o)
    0x08000728   0x08000728   0x00000188   Code   RO          120    .text               c_w.l(__printf_flags_ss_wp.o)
    0x080008b0   0x080008b0   0x00000156   Code   RO          146    .text               c_w.l(_scanf_longlong.o)
    0x08000a06   0x08000a06   0x0000014c   Code   RO          148    .text               c_w.l(_scanf_int.o)
    0x08000b52   0x08000b52   0x000000e0   Code   RO          150    .text               c_w.l(_scanf_str.o)
    0x08000c32   0x08000c32   0x00000002   PAD
    0x08000c34   0x08000c34   0x00000018   Code   RO          152    .text               c_w.l(scanf_char_file.o)
    0x08000c4c   0x08000c4c   0x00000114   Code   RO          154    .text               c_w.l(_scanf_mbtowc.o)
    0x08000d60   0x08000d60   0x000000e8   Code   RO          156    .text               c_w.l(_scanf_wctomb.o)
    0x08000e48   0x08000e48   0x000000d0   Code   RO          158    .text               c_w.l(_scanf_wstr.o)
    0x08000f18   0x08000f18   0x0000008a   Code   RO          196    .text               c_w.l(lludiv10.o)
    0x08000fa2   0x08000fa2   0x000000b2   Code   RO          198    .text               c_w.l(_printf_intcommon.o)
    0x08001054   0x08001054   0x0000041c   Code   RO          200    .text               c_w.l(_printf_fp_dec.o)
    0x08001470   0x08001470   0x000002fc   Code   RO          204    .text               c_w.l(_printf_fp_hex.o)
    0x0800176c   0x0800176c   0x00000030   Code   RO          207    .text               c_w.l(_printf_char_common.o)
    0x0800179c   0x0800179c   0x0000002c   Code   RO          209    .text               c_w.l(_printf_char.o)
    0x080017c8   0x080017c8   0x0000002c   Code   RO          211    .text               c_w.l(_printf_wchar.o)
    0x080017f4   0x080017f4   0x0000001c   Code   RO          214    .text               c_w.l(_chval.o)
    0x08001810   0x08001810   0x000004f8   Code   RO          216    .text               c_w.l(scanf_fp.o)
    0x08001d08   0x08001d08   0x0000002c   Code   RO          220    .text               c_w.l(scanf_char.o)
    0x08001d34   0x08001d34   0x0000001e   Code   RO          222    .text               c_w.l(_scanf_wcharmap.o)
    0x08001d52   0x08001d52   0x00000048   Code   RO          224    .text               c_w.l(backspace.o)
    0x08001d9a   0x08001d9a   0x00000008   Code   RO          226    .text               c_w.l(ferror.o)
    0x08001da2   0x08001da2   0x00000002   PAD
    0x08001da4   0x08001da4   0x00000138   Code   RO          236    .text               c_w.l(initio.o)
    0x08001edc   0x08001edc   0x00000040   Code   RO          248    .text               c_w.l(_mbrtoc16.o)
    0x08001f1c   0x08001f1c   0x00000048   Code   RO          250    .text               c_w.l(_c16rtomb.o)
    0x08001f64   0x08001f64   0x0000004a   Code   RO          257    .text               c_w.l(sys_stackheap_outer.o)
    0x08001fae   0x08001fae   0x00000002   PAD
    0x08001fb0   0x08001fb0   0x00000010   Code   RO          259    .text               c_w.l(rt_ctype_table.o)
    0x08001fc0   0x08001fc0   0x00000008   Code   RO          264    .text               c_w.l(rt_locale_intlibspace.o)
    0x08001fc8   0x08001fc8   0x00000008   Code   RO          269    .text               c_w.l(rt_errno_addr_intlibspace.o)
    0x08001fd0   0x08001fd0   0x0000004e   Code   RO          273    .text               c_w.l(h1_free.o)
    0x0800201e   0x0800201e   0x00000026   Code   RO          327    .text               c_w.l(llshl.o)
    0x08002044   0x08002044   0x00000012   Code   RO          329    .text               c_w.l(isspace.o)
    0x08002056   0x08002056   0x00000002   PAD
    0x08002058   0x08002058   0x00000080   Code   RO          331    .text               c_w.l(_printf_fp_infnan.o)
    0x080020d8   0x080020d8   0x00000374   Code   RO          335    .text               c_w.l(_scanf.o)
    0x0800244c   0x0800244c   0x000000e4   Code   RO          337    .text               c_w.l(bigflt0.o)
    0x08002530   0x08002530   0x0000024a   Code   RO          367    .text               c_w.l(filbuf.o)
    0x0800277a   0x0800277a   0x000001e2   Code   RO          369    .text               c_w.l(flsbuf.o)
    0x0800295c   0x0800295c   0x00000046   Code   RO          371    .text               c_w.l(setvbuf.o)
    0x080029a2   0x080029a2   0x00000002   PAD
    0x080029a4   0x080029a4   0x00000048   Code   RO          373    .text               c_w.l(ungetc.o)
    0x080029ec   0x080029ec   0x000000f0   Code   RO          376    .text               c_w.l(fopen.o)
    0x08002adc   0x08002adc   0x0000004c   Code   RO          378    .text               c_w.l(fclose.o)
    0x08002b28   0x08002b28   0x00000012   Code   RO          387    .text               c_w.l(exit.o)
    0x08002b3a   0x08002b3a   0x0000000e   Code   RO          389    .text               c_w.l(defsig_rtred_outer.o)
    0x08002b48   0x08002b48   0x0000003e   Code   RO          393    .text               c_w.l(strlen.o)
    0x08002b86   0x08002b86   0x0000004e   Code   RO          395    .text               c_w.l(rt_memclr_w.o)
    0x08002bd4   0x08002bd4   0x00000066   Code   RO          492    .text               c_w.l(sys_io.o)
    0x08002c3a   0x08002c3a   0x00000002   PAD
    0x08002c3c   0x08002c3c   0x00000008   Code   RO          496    .text               c_w.l(libspace.o)
    0x08002c44   0x08002c44   0x00000008   Code   RO          506    .text               c_w.l(rt_heap_descriptor_intlibspace.o)
    0x08002c4c   0x08002c4c   0x00000004   Code   RO          508    .text               c_w.l(hguard.o)
    0x08002c50   0x08002c50   0x0000008a   Code   RO          510    .text               c_w.l(init_alloc.o)
    0x08002cda   0x08002cda   0x0000005e   Code   RO          516    .text               c_w.l(h1_alloc.o)
    0x08002d38   0x08002d38   0x00000016   Code   RO          528    .text               c_w.l(_rserrno.o)
    0x08002d4e   0x08002d4e   0x00000002   PAD
    0x08002d50   0x08002d50   0x00000320   Code   RO          532    .text               c_w.l(scanf_hexfp.o)
    0x08003070   0x08003070   0x00000134   Code   RO          534    .text               c_w.l(scanf_infnan.o)
    0x080031a4   0x080031a4   0x000000f8   Code   RO          540    .text               c_w.l(fseek.o)
    0x0800329c   0x0800329c   0x000000f0   Code   RO          542    .text               c_w.l(stdio.o)
    0x0800338c   0x0800338c   0x00000038   Code   RO          550    .text               c_w.l(flushlinebuffered.o)
    0x080033c4   0x080033c4   0x0000000a   Code   RO          563    .text               c_w.l(defsig_exit.o)
    0x080033ce   0x080033ce   0x00000002   PAD
    0x080033d0   0x080033d0   0x00000034   Code   RO          565    .text               c_w.l(defsig_rtred_inner.o)
    0x08003404   0x08003404   0x00000004   PAD
    0x08003408   0x08003408   0x0000007c   Code   RO          571    .text               c_w.l(strcmpv7em.o)
    0x08003484   0x08003484   0x0000000c   Code   RO          589    .text               c_w.l(sys_exit.o)
    0x08003490   0x08003490   0x00000002   Code   RO          593    .text               c_w.l(use_no_semi.o)
    0x08003492   0x08003492   0x00000000   Code   RO          595    .text               c_w.l(indicate_semi.o)
    0x08003492   0x08003492   0x00000000   Code   RO          603    .text               c_w.l(maybetermalloc1.o)
    0x08003492   0x08003492   0x0000000e   Code   RO          605    .text               c_w.l(h1_init.o)
    0x080034a0   0x080034a0   0x00000034   Code   RO          607    .text               c_w.l(h1_extend.o)
    0x080034d4   0x080034d4   0x00000064   Code   RO          615    .text               c_w.l(fflush.o)
    0x08003538   0x08003538   0x00000042   Code   RO          619    .text               c_w.l(ftell.o)
    0x0800357a   0x0800357a   0x00000032   Code   RO          627    .text               c_w.l(defsig_general.o)
    0x080035ac   0x080035ac   0x0000000e   Code   RO          629    .text               c_w.l(defsig_rtmem_outer.o)
    0x080035ba   0x080035ba   0x0000000e   Code   RO          658    .text               c_w.l(sys_wrch.o)
    0x080035c8   0x080035c8   0x00000050   Code   RO          670    .text               c_w.l(defsig_rtmem_inner.o)
    0x08003618   0x08003618   0x00000012   Code   RO           21    .text.SystemInit    system_stm32f4xx.o
    0x0800362a   0x0800362a   0x00000002   PAD
    0x0800362c   0x0800362c   0x0000012a   Code   RO            2    .text.main          main.o
    0x08003756   0x08003756   0x0000003e   Code   RO          340    CL$$btod_d2e        c_w.l(btod.o)
    0x08003794   0x08003794   0x00000046   Code   RO          342    CL$$btod_d2e_denorm_low  c_w.l(btod.o)
    0x080037da   0x080037da   0x00000060   Code   RO          341    CL$$btod_d2e_norm_op1  c_w.l(btod.o)
    0x0800383a   0x0800383a   0x00000002   PAD
    0x0800383c   0x0800383c   0x00000338   Code   RO          350    CL$$btod_div_common  c_w.l(btod.o)
    0x08003b74   0x08003b74   0x00000084   Code   RO          348    CL$$btod_e2d        c_w.l(btod.o)
    0x08003bf8   0x08003bf8   0x000000dc   Code   RO          347    CL$$btod_e2e        c_w.l(btod.o)
    0x08003cd4   0x08003cd4   0x0000002a   Code   RO          344    CL$$btod_ediv       c_w.l(btod.o)
    0x08003cfe   0x08003cfe   0x0000002a   Code   RO          346    CL$$btod_edivd      c_w.l(btod.o)
    0x08003d28   0x08003d28   0x0000002a   Code   RO          343    CL$$btod_emul       c_w.l(btod.o)
    0x08003d52   0x08003d52   0x0000002a   Code   RO          345    CL$$btod_emuld      c_w.l(btod.o)
    0x08003d7c   0x08003d7c   0x00000244   Code   RO          349    CL$$btod_mult_common  c_w.l(btod.o)
    0x08003fc0   0x08003fc0   0x00000030   Code   RO          482    i.__ARM_fpclassify  m_wm.l(fpclassify.o)
    0x08003ff0   0x08003ff0   0x000000f8   Code   RO          484    i.__hardfp___mathlib_tofloat  m_wm.l(narrow.o)
    0x080040e8   0x080040e8   0x000000d0   Code   RO          650    i.__hardfp_ldexp    m_wm.l(ldexp.o)
    0x080041b8   0x080041b8   0x00000020   Code   RO          683    i.__mathlib_dbl_overflow  m_wm.l(dunder.o)
    0x080041d8   0x080041d8   0x00000020   Code   RO          685    i.__mathlib_dbl_underflow  m_wm.l(dunder.o)
    0x080041f8   0x080041f8   0x00000012   Code   RO          485    i.__mathlib_narrow  m_wm.l(narrow.o)
    0x0800420a   0x0800420a   0x00000014   Code   RO          652    i.__support_ldexp   m_wm.l(ldexp.o)
    0x0800421e   0x0800421e   0x0000000e   Code   RO          113    i._is_digit         c_w.l(__printf_wp.o)
    0x0800422c   0x0800422c   0x0000001a   Code   RO          229    i.fgetc             c_w.l(fgetc.o)
    0x08004246   0x08004246   0x0000001c   Code   RO          233    i.fputc             c_w.l(fputc.o)
    0x08004262   0x08004262   0x00000006   PAD
    0x08004268   0x08004268   0x0000008c   Code   RO          585    i.frexp             m_wm.l(frexp.o)
    0x080042f4   0x080042f4   0x0000002c   Code   RO          385    locale$$code        c_w.l(lc_numeric_c.o)
    0x08004320   0x08004320   0x0000002c   Code   RO          561    locale$$code        c_w.l(lc_ctype_c.o)
    0x0800434c   0x0800434c   0x00000062   Code   RO          575    x$fpl$d2f           fz_wm.l(d2f.o)
    0x080043ae   0x080043ae   0x00000002   PAD
    0x080043b0   0x080043b0   0x00000150   Code   RO           44    x$fpl$dadd          fz_wm.l(daddsub_clz.o)
    0x08004500   0x08004500   0x00000010   Code   RO          711    x$fpl$dcheck1       fz_wm.l(dcheck1.o)
    0x08004510   0x08004510   0x00000018   Code   RO          644    x$fpl$dcmpinf       fz_wm.l(dcmpi.o)
    0x08004528   0x08004528   0x000002b4   Code   RO           51    x$fpl$ddiv          fz_wm.l(ddiv.o)
    0x080047dc   0x080047dc   0x00000078   Code   RO          577    x$fpl$deqf          fz_wm.l(deqf.o)
    0x08004854   0x08004854   0x00000078   Code   RO          646    x$fpl$dleqf         fz_wm.l(dleqf.o)
    0x080048cc   0x080048cc   0x00000154   Code   RO           54    x$fpl$dmul          fz_wm.l(dmul.o)
    0x08004a20   0x08004a20   0x0000009c   Code   RO          166    x$fpl$dnaninf       fz_wm.l(dnaninf.o)
    0x08004abc   0x08004abc   0x0000000c   Code   RO          168    x$fpl$dretinf       fz_wm.l(dretinf.o)
    0x08004ac8   0x08004ac8   0x0000006c   Code   RO          579    x$fpl$drleqf        fz_wm.l(drleqf.o)
    0x08004b34   0x08004b34   0x000001dc   Code   RO           46    x$fpl$dsub          fz_wm.l(daddsub_clz.o)
    0x08004d10   0x08004d10   0x0000001a   Code   RO          581    x$fpl$fpinit        fz_wm.l(fpinit.o)
    0x08004d2a   0x08004d2a   0x0000000a   Code   RO          648    x$fpl$fretinf       fz_wm.l(fretinf.o)
    0x08004d34   0x08004d34   0x00000006   Code   RO          474    x$fpl$ieeestatus    fz_wm.l(istatus.o)
    0x08004d3a   0x08004d3a   0x00000004   Code   RO          170    x$fpl$printf1       fz_wm.l(printf1.o)
    0x08004d3e   0x08004d3e   0x00000004   Code   RO          172    x$fpl$printf2       fz_wm.l(printf2.o)
    0x08004d42   0x08004d42   0x00000064   Code   RO          713    x$fpl$retnan        fz_wm.l(retnan.o)
    0x08004da6   0x08004da6   0x0000005c   Code   RO          677    x$fpl$scalbn        fz_wm.l(scalbn.o)
    0x08004e02   0x08004e02   0x00000004   Code   RO          178    x$fpl$scanf1        fz_wm.l(scanf1.o)
    0x08004e06   0x08004e06   0x00000008   Code   RO          476    x$fpl$scanf2        fz_wm.l(scanf2.o)
    0x08004e0e   0x08004e0e   0x00000030   Code   RO          715    x$fpl$trapveneer    fz_wm.l(trapv.o)
    0x08004e3e   0x08004e3e   0x00000000   Code   RO          180    x$fpl$usenofp       fz_wm.l(usenofp.o)
    0x08004e3e   0x08004e3e   0x00000002   PAD
    0x08004e40   0x08004e40   0x00000008   Data   RO           72    .constdata          c_w.l(_printf_wctomb.o)
    0x08004e48   0x08004e48   0x00000028   Data   RO          101    .constdata          c_w.l(_printf_hex_int_ll_ptr.o)
    0x08004e70   0x08004e70   0x00000011   Data   RO          121    .constdata          c_w.l(__printf_flags_ss_wp.o)
    0x08004e81   0x08004e81   0x00000026   Data   RO          205    .constdata          c_w.l(_printf_fp_hex.o)
    0x08004ea7   0x08004ea7   0x00000004   Data   RO          252    .constdata          c_w.l(sys_io_names.o)
    0x08004eab   0x08004eab   0x00000004   Data   RO          253    .constdata          c_w.l(sys_io_names.o)
    0x08004eaf   0x08004eaf   0x00000004   Data   RO          254    .constdata          c_w.l(sys_io_names.o)
    0x08004eb3   0x08004eb3   0x00000001   PAD
    0x08004eb4   0x08004eb4   0x00000094   Data   RO          338    .constdata          c_w.l(bigflt0.o)
    0x08004f48   0x08004f48   0x0000005a   Data   RO            4    .rodata.str1.1      main.o
    0x08004fa2   0x08004fa2   0x00000002   PAD
    0x08004fa4   0x08004fa4   0x00000020   Data   RO          718    Region$$Table       anon$$obj.o
    0x08004fc4   0x08004fc4   0x00000008   Data   RO          470    c$$dinf             fz_wm.l(fpconst.o)
    0x08004fcc   0x08004fcc   0x00000008   Data   RO          473    c$$dmax             fz_wm.l(fpconst.o)
    0x08004fd4   0x08004fd4   0x0000001c   Data   RO          384    locale$$data        c_w.l(lc_numeric_c.o)
    0x08004ff0   0x08004ff0   0x00000110   Data   RO          560    locale$$data        c_w.l(lc_ctype_c.o)


    Execution Region ER_RW (Exec base: 0x20000000, Load base: 0x08005100, Size: 0x0000000c, Max: 0xffffffff, ABSOLUTE)

    Exec Addr    Load Addr    Size         Type   Attr      Idx    E Section Name        Object

    0x20000000   0x08005100   0x00000004   Data   RW          163    .data               c_w.l(stdio_streams.o)
    0x20000004   0x08005104   0x00000004   Data   RW          164    .data               c_w.l(stdio_streams.o)
    0x20000008   0x08005108   0x00000004   Data   RW          165    .data               c_w.l(stdio_streams.o)


    Execution Region ER_ZI (Exec base: 0x20000010, Load base: 0x0800510c, Size: 0x00000760, Max: 0xffffffff, ABSOLUTE)

    Exec Addr    Load Addr    Size         Type   Attr      Idx    E Section Name        Object

    0x20000010        -       0x00000054   Zero   RW          160    .bss                c_w.l(stdio_streams.o)
    0x20000064        -       0x00000054   Zero   RW          161    .bss                c_w.l(stdio_streams.o)
    0x200000b8        -       0x00000054   Zero   RW          162    .bss                c_w.l(stdio_streams.o)
    0x2000010c        -       0x00000060   Zero   RW          497    .bss                c_w.l(libspace.o)
    0x2000016c   0x0800510c   0x00000004   PAD
    0x20000170        -       0x00000200   Zero   RW           12    HEAP                startup_stm32f407xx.o
    0x20000370        -       0x00000400   Zero   RW           11    STACK               startup_stm32f407xx.o


==============================================================================

Image component sizes


      Code (inc. data)   RO Data    RW Data    ZI Data      Debug   Object Name

       298          6         90          0          0        544   main.o
        64         26        392          0       1536        896   startup_stm32f407xx.o
        18          0          0          0          0       2654   system_stm32f4xx.o

    ----------------------------------------------------------------------
       382         32        516          0       1536       4094   Object Totals
         0          0         32          0          0          0   (incl. Generated)
         2          0          2          0          0          0   (incl. Padding)

    ----------------------------------------------------------------------

      Code (inc. data)   RO Data    RW Data    ZI Data      Debug   Library Member Name

         8          0          0          0          0         68   __main.o
       392          4         17          0          0         92   __printf_flags_ss_wp.o
        14          0          0          0          0         68   __printf_wp.o
         0          0          0          0          0          0   __rtentry.o
        12          0          0          0          0          0   __rtentry2.o
         6          0          0          0          0          0   __rtentry4.o
        52          8          0          0          0          0   __scatter.o
        26          0          0          0          0          0   __scatter_copy.o
        28          0          0          0          0          0   __scatter_zi.o
        72          0          0          0          0         96   _c16rtomb.o
        28          0          0          0          0         68   _chval.o
        64          0          0          0          0         84   _mbrtoc16.o
         6          0          0          0          0          0   _printf_a.o
         6          0          0          0          0          0   _printf_c.o
        44          0          0          0          0        108   _printf_char.o
        48          6          0          0          0         96   _printf_char_common.o
        36          4          0          0          0         80   _printf_char_file.o
        40          0          0          0          0         68   _printf_charcount.o
         6          0          0          0          0          0   _printf_d.o
       120         16          0          0          0         92   _printf_dec.o
         6          0          0          0          0          0   _printf_e.o
         6          0          0          0          0          0   _printf_f.o
      1052          0          0          0          0        148   _printf_fp_dec.o
       764          8         38          0          0        100   _printf_fp_hex.o
       128         16          0          0          0         84   _printf_fp_infnan.o
         6          0          0          0          0          0   _printf_g.o
       148          4         40          0          0        160   _printf_hex_int_ll_ptr.o
         6          0          0          0          0          0   _printf_i.o
       178          0          0          0          0         88   _printf_intcommon.o
        10          0          0          0          0          0   _printf_l.o
         6          0          0          0          0          0   _printf_lc.o
        10          0          0          0          0          0   _printf_ll.o
         6          0          0          0          0          0   _printf_lld.o
         6          0          0          0          0          0   _printf_lli.o
         6          0          0          0          0          0   _printf_llo.o
         6          0          0          0          0          0   _printf_llu.o
         6          0          0          0          0          0   _printf_llx.o
       124         16          0          0          0         92   _printf_longlong_dec.o
         6          0          0          0          0          0   _printf_ls.o
         6          0          0          0          0          0   _printf_n.o
         6          0          0          0          0          0   _printf_o.o
       112          8          0          0          0        124   _printf_oct_int_ll.o
         6          0          0          0          0          0   _printf_p.o
        78          0          0          0          0        108   _printf_pad.o
         0          0          0          0          0          0   _printf_percent.o
         4          0          0          0          0          0   _printf_percent_end.o
         6          0          0          0          0          0   _printf_s.o
        82          0          0          0          0         80   _printf_str.o
        36          0          0          0          0         84   _printf_truncate.o
         6          0          0          0          0          0   _printf_u.o
        44          0          0          0          0        108   _printf_wchar.o
       188          6          8          0          0         92   _printf_wctomb.o
         6          0          0          0          0          0   _printf_x.o
        22          0          0          0          0        100   _rserrno.o
       884          6          0          0          0        100   _scanf.o
       332          0          0          0          0         96   _scanf_int.o
       342          0          0          0          0        100   _scanf_longlong.o
       276          0          0          0          0        100   _scanf_mbtowc.o
       224          0          0          0          0         96   _scanf_str.o
        30          0          0          0          0         76   _scanf_wcharmap.o
       232          0          0          0          0        100   _scanf_wctomb.o
       208          0          0          0          0         96   _scanf_wstr.o
        72          0          0          0          0         92   backspace.o
       228          4        148          0          0         96   bigflt0.o
      2152        136          0          0          0        956   btod.o
        10          0          0          0          0         68   defsig_exit.o
        50          0          0          0          0         88   defsig_general.o
        80         58          0          0          0         76   defsig_rtmem_inner.o
        14          0          0          0          0         80   defsig_rtmem_outer.o
        52         38          0          0          0         76   defsig_rtred_inner.o
        14          0          0          0          0         80   defsig_rtred_outer.o
        18          0          0          0          0         80   exit.o
        76          0          0          0          0         88   fclose.o
         8          0          0          0          0         68   ferror.o
       100          4          0          0          0        120   fflush.o
        26          0          0          0          0         68   fgetc.o
       586          0          0          0          0        136   filbuf.o
       482          0          0          0          0         92   flsbuf.o
        56          6          0          0          0         80   flushlinebuffered.o
       240          6          0          0          0        128   fopen.o
        28          0          0          0          0         68   fputc.o
       248          6          0          0          0         84   fseek.o
        66          0          0          0          0         76   ftell.o
        94          0          0          0          0         80   h1_alloc.o
        52          0          0          0          0         68   h1_extend.o
        78          0          0          0          0         80   h1_free.o
        14          0          0          0          0         84   h1_init.o
         6          0          0          0          0        152   heapauxi.o
         4          0          0          0          0        136   hguard.o
         0          0          0          0          0          0   indicate_semi.o
       138          0          0          0          0        168   init_alloc.o
       312         46          0          0          0        112   initio.o
        18          0          0          0          0         76   isspace.o
        44         10        272          0          0         76   lc_ctype_c.o
        44         10         28          0          0         76   lc_numeric_c.o
         2          0          0          0          0          0   libinit.o
        46          0          0          0          0          0   libinit2.o
         2          0          0          0          0          0   libshutdown.o
         6          0          0          0          0          0   libshutdown2.o
         8          4          0          0         96         68   libspace.o
        38          0          0          0          0         68   llshl.o
       138          0          0          0          0         80   lludiv10.o
         0          0          0          0          0          0   maybetermalloc1.o
        24          4          0          0          0         84   printf.o
        16          4          0          0          0         76   rt_ctype_table.o
         8          4          0          0          0         68   rt_errno_addr_intlibspace.o
         8          4          0          0          0         68   rt_heap_descriptor_intlibspace.o
         8          4          0          0          0         68   rt_locale_intlibspace.o
        78          0          0          0          0         80   rt_memclr_w.o
         2          0          0          0          0          0   rtexit.o
        10          0          0          0          0          0   rtexit2.o
        32          6          0          0          0         84   scanf.o
        44          8          0          0          0         84   scanf_char.o
        24          8          0          0          0         68   scanf_char_file.o
      1272         16          0          0          0        168   scanf_fp.o
       800         14          0          0          0        100   scanf_hexfp.o
       308         16          0          0          0        100   scanf_infnan.o
        70          0          0          0          0         80   setvbuf.o
       240          6          0          0          0        156   stdio.o
         0          0          0         12        252          0   stdio_streams.o
       124          0          0          0          0         88   strcmpv7em.o
        62          0          0          0          0         76   strlen.o
        12          4          0          0          0         68   sys_exit.o
       102          0          0          0          0        240   sys_io.o
         0          0         12          0          0          0   sys_io_names.o
        74          0          0          0          0         80   sys_stackheap_outer.o
        14          0          0          0          0         76   sys_wrch.o
        72         12          0          0          0         68   ungetc.o
         2          0          0          0          0         68   use_no_semi.o
        98          4          0          0          0        140   d2f.o
       812         16          0          0          0        392   daddsub_clz.o
        16          4          0          0          0        116   dcheck1.o
        24          0          0          0          0        116   dcmpi.o
       692        140          0          0          0        264   ddiv.o
       120          4          0          0          0        140   deqf.o
       120          4          0          0          0        140   dleqf.o
       340         12          0          0          0        152   dmul.o
       156          4          0          0          0        140   dnaninf.o
        12          0          0          0          0        116   dretinf.o
       108          0          0          0          0        128   drleqf.o
         0          0         16          0          0          0   fpconst.o
        26          0          0          0          0        116   fpinit.o
        10          0          0          0          0        116   fretinf.o
         6          0          0          0          0        116   istatus.o
         4          0          0          0          0        116   printf1.o
         4          0          0          0          0        116   printf2.o
       100          0          0          0          0        116   retnan.o
        92          0          0          0          0        116   scalbn.o
         4          0          0          0          0        116   scanf1.o
         8          0          0          0          0        132   scanf2.o
        48          0          0          0          0        116   trapv.o
         0          0          0          0          0          0   usenofp.o
        64         16          0          0          0        248   dunder.o
        48          0          0          0          0        124   fpclassify.o
       140         22          0          0          0        132   frexp.o
       228          8          0          0          0        308   ldexp.o
       266         16          0          0          0        308   narrow.o

    ----------------------------------------------------------------------
     19258        794        580         12        352      13264   Library Totals
        38          4          1          0          4          0   (incl. Padding)

    ----------------------------------------------------------------------

      Code (inc. data)   RO Data    RW Data    ZI Data      Debug   Library Name

     15674        540        563         12        348       9124   c_w.l
      2800        188         16          0          0       3020   fz_wm.l
       746         62          0          0          0       1120   m_wm.l

    ----------------------------------------------------------------------
     19258        794        580         12        352      13264   Library Totals

    ----------------------------------------------------------------------

==============================================================================


      Code (inc. data)   RO Data    RW Data    ZI Data      Debug   

     19640        826       1096         12       1888       9546   Grand Totals
     19640        826       1096         12       1888       9546   ELF Image Totals
     19640        826       1096         12          0          0   ROM Totals

==============================================================================

    Total RO  Size (Code + RO Data)                20736 (  20.25kB)
    Total RW  Size (RW Data + ZI Data)              1900 (   1.86kB)
    Total ROM Size (Code + RO Data + RW Data)      20748 (  20.26kB)

==============================================================================

